ARM Linker, 5.03 [Build 76] [MDK-ARM Lite]

==============================================================================

Section Cross References

    blynk.o(i.Blynk_to_TM4C) refers to esp8266.o(i.ESP8266_GetMessage) for ESP8266_GetMessage
    blynk.o(i.Blynk_to_TM4C) refers to uart.o(i.UART_OutChar) for UART_OutChar
    blynk.o(i.Blynk_to_TM4C) refers to strtok.o(.text) for strtok
    blynk.o(i.Blynk_to_TM4C) refers to strcpy.o(.text) for strcpy
    blynk.o(i.Blynk_to_TM4C) refers to atoi.o(.text) for atoi
    blynk.o(i.Blynk_to_TM4C) refers to portf.o(i.PortF_Output) for PortF_Output
    blynk.o(i.Blynk_to_TM4C) refers to blynk.o(i.ButtonControl) for ButtonControl
    blynk.o(i.Blynk_to_TM4C) refers to blynk.o(.bss) for serial_buf
    blynk.o(i.Blynk_to_TM4C) refers to blynk.o(.data) for Pin_Number
    blynk.o(i.ButtonControl) refers to st7735.o(i.ST7735_FillScreen) for ST7735_FillScreen
    blynk.o(i.ButtonControl) refers to timer.o(i.getSeconds) for getSeconds
    blynk.o(i.ButtonControl) refers to timer.o(i.getMinutes) for getMinutes
    blynk.o(i.ButtonControl) refers to timer.o(i.getHours) for getHours
    blynk.o(i.ButtonControl) refers to lcd.o(i.drawFace) for drawFace
    blynk.o(i.ButtonControl) refers to lcd.o(i.drawHands) for drawHands
    blynk.o(i.ButtonControl) refers to timer.o(i.outputTime) for outputTime
    blynk.o(i.ButtonControl) refers to startup.o(.text) for StartCritical
    blynk.o(i.ButtonControl) refers to blynk.o(.data) for phase_num
    blynk.o(i.ButtonControl) refers to timer.o(.data) for time
    blynk.o(i.ButtonControl) refers to speaker.o(.data) for time_alarm
    blynk.o(i.CheckInactiveTime) refers to st7735.o(i.ST7735_FillScreen) for ST7735_FillScreen
    blynk.o(i.CheckInactiveTime) refers to lcd.o(i.drawFace) for drawFace
    blynk.o(i.CheckInactiveTime) refers to lcd.o(i.drawHands) for drawHands
    blynk.o(i.CheckInactiveTime) refers to timer.o(i.outputTime) for outputTime
    blynk.o(i.CheckInactiveTime) refers to timer.o(.data) for time
    blynk.o(i.CheckInactiveTime) refers to blynk.o(.data) for lastTimePressed
    blynk.o(i.PhaseControl) refers to timer.o(i.outputTime) for outputTime
    blynk.o(i.PhaseControl) refers to lcd.o(i.eraseHands) for eraseHands
    blynk.o(i.PhaseControl) refers to lcd.o(i.drawHands) for drawHands
    blynk.o(i.PhaseControl) refers to st7735.o(i.ST7735_DrawString) for ST7735_DrawString
    blynk.o(i.PhaseControl) refers to blynk.o(i.CheckInactiveTime) for CheckInactiveTime
    blynk.o(i.PhaseControl) refers to st7735.o(i.ST7735_SetCursor) for ST7735_SetCursor
    blynk.o(i.PhaseControl) refers to timer.o(.data) for time
    blynk.o(i.PhaseControl) refers to blynk.o(.data) for lastTimePressed
    blynk.o(i.PhaseControl) refers to timer.o(i.outputTimer) for outputTimer
    blynk.o(i.PhaseControl) refers to st7735.o(i.ST7735_SetTextColor) for ST7735_SetTextColor
    blynk.o(i.PhaseControl) refers to lcd.o(i.drawFace) for drawFace
    blynk.o(i.ResetToFactory) refers to timer.o(.data) for time
    blynk.o(i.ResetToFactory) refers to speaker.o(.data) for time_alarm
    blynk.o(i.ResetToFactory) refers to blynk.o(.data) for time_sw
    blynk.o(i.SendInformation) refers to blynk.o(i.TM4C_to_Blynk) for TM4C_to_Blynk
    blynk.o(i.SendInformation) refers to st7735.o(i.Output_Color) for Output_Color
    blynk.o(i.SendInformation) refers to timer.o(.data) for time
    blynk.o(i.SendInformation) refers to blynk.o(.data) for LastF
    blynk.o(i.TM4C_to_Blynk) refers to esp8266.o(i.ESP8266_OutUDec) for ESP8266_OutUDec
    blynk.o(i.TM4C_to_Blynk) refers to esp8266.o(i.ESP8266_OutChar) for ESP8266_OutChar
    blynk.o(i.TM4C_to_Blynk) refers to esp8266.o(i.ESP8266_OutString) for ESP8266_OutString
    blynk.o(i.main) refers to pll.o(i.PLL_Init) for PLL_Init
    blynk.o(i.main) refers to startup.o(.text) for DisableInterrupts
    blynk.o(i.main) refers to portf.o(i.PortF_Init) for PortF_Init
    blynk.o(i.main) refers to blynk.o(i.PortD_Init) for PortD_Init
    blynk.o(i.main) refers to systick.o(i.SysTick_Init) for SysTick_Init
    blynk.o(i.main) refers to portf.o(i.PortF_Input) for PortF_Input
    blynk.o(i.main) refers to st7735.o(i.Output_Init) for Output_Init
    blynk.o(i.main) refers to lcd.o(i.drawFace) for drawFace
    blynk.o(i.main) refers to lcd.o(i.drawHands) for drawHands
    blynk.o(i.main) refers to timer.o(i.outputTime) for outputTime
    blynk.o(i.main) refers to st7735.o(i.ST7735_DrawString) for ST7735_DrawString
    blynk.o(i.main) refers to uart.o(i.UART_Init) for UART_Init
    blynk.o(i.main) refers to esp8266.o(i.ESP8266_Init) for ESP8266_Init
    blynk.o(i.main) refers to esp8266.o(i.ESP8266_Reset) for ESP8266_Reset
    blynk.o(i.main) refers to esp8266.o(i.ESP8266_SetupWiFi) for ESP8266_SetupWiFi
    blynk.o(i.main) refers to timer2.o(i.Timer2_Init) for Timer2_Init
    blynk.o(i.main) refers to timer3.o(i.Timer3_Init) for Timer3_Init
[...]
    startup.o(RESET) refers to startup.o(STACK) for StackMem
    startup.o(RESET) refers to systick.o(i.SysTick_Handler) for SysTick_Handler
    startup.o(RESET) refers to uart.o(i.UART0_Handler) for UART0_Handler
    startup.o(RESET) refers to timer2.o(i.Timer2A_Handler) for Timer2A_Handler
    startup.o(RESET) refers to timer3.o(i.Timer3A_Handler) for Timer3A_Handler
    startup.o(RESET) refers to esp8266.o(i.UART5_Handler) for UART5_Handler
    startup.o(RESET) refers to entry.o(.ARM.Collect$$$$00000000) for __main
    lcd.o(i.ST7735_4Line) refers to lcd.o(i.ST7735_Line) for ST7735_Line
    lcd.o(i.ST7735_Line) refers to st7735.o(i.ST7735_DrawFastVLine) for ST7735_DrawFastVLine
    lcd.o(i.ST7735_Line) refers to st7735.o(i.ST7735_DrawPixel) for ST7735_DrawPixel
    lcd.o(i.drawFace) refers to st7735.o(i.ST7735_DrawBitmap) for ST7735_DrawBitmap
    lcd.o(i.drawFace) refers to lcd.o(.constdata) for clockFace
    lcd.o(i.drawHands) refers to dflti.o(.text) for __aeabi_i2d
    lcd.o(i.drawHands) refers to ddiv.o(.text) for __aeabi_ddiv
    lcd.o(i.drawHands) refers to dadd.o(.text) for __aeabi_dsub
    lcd.o(i.drawHands) refers to dmul.o(.text) for __aeabi_dmul
    lcd.o(i.drawHands) refers to sin.o(i.sin) for sin
    lcd.o(i.drawHands) refers to cos.o(i.cos) for cos
    lcd.o(i.drawHands) refers to dfixi.o(.text) for __aeabi_d2iz
    lcd.o(i.drawHands) refers to lcd.o(i.ST7735_4Line) for ST7735_4Line
    lcd.o(i.eraseHands) refers to dflti.o(.text) for __aeabi_i2d
    lcd.o(i.eraseHands) refers to ddiv.o(.text) for __aeabi_ddiv
    lcd.o(i.eraseHands) refers to dadd.o(.text) for __aeabi_dsub
    lcd.o(i.eraseHands) refers to dmul.o(.text) for __aeabi_dmul
    lcd.o(i.eraseHands) refers to sin.o(i.sin) for sin
    lcd.o(i.eraseHands) refers to cos.o(i.cos) for cos
    lcd.o(i.eraseHands) refers to dfixi.o(.text) for __aeabi_d2iz
    lcd.o(i.eraseHands) refers to lcd.o(i.ST7735_4Line) for ST7735_4Line
    systick.o(i.SysTick_Handler) refers to systick.o(.data) for count
    systick.o(i.SysTick_Handler) refers to speaker.o(.data) for alarm
    systick.o(i.SysTick_Handler) refers to systick.o(.constdata) for sine
    systick.o(i.SysTick_Wait10ms) refers to systick.o(i.SysTick_Wait) for SysTick_Wait
    timer.o(i.getHours) refers to timer.o(.data) for h
    timer.o(i.getMinutes) refers to timer.o(.data) for m
    timer.o(i.getSeconds) refers to timer.o(.data) for s
    timer.o(i.outputTime) refers to st7735.o(i.ST7735_SetCursor) for ST7735_SetCursor
    timer.o(i.outputTime) refers to st7735.o(i.ST7735_OutUDec) for ST7735_OutUDec
    timer.o(i.outputTime) refers to st7735.o(i.ST7735_OutChar) for ST7735_OutChar
    timer.o(i.outputTimer) refers to st7735.o(i.ST7735_SetCursor) for ST7735_SetCursor
    timer.o(i.outputTimer) refers to st7735.o(i.ST7735_OutUDec) for ST7735_OutUDec
    timer.o(i.outputTimer) refers to st7735.o(i.ST7735_OutChar) for ST7735_OutChar
    speaker.o(i.checkAlarm) refers to speaker.o(.data) for time_alarm
    cos.o(i.__softfp_cos) refers (Special) to iusefp.o(.text) for __I$use$fp
    cos.o(i.__softfp_cos) refers to cos.o(i.cos) for cos
    cos.o(i.cos) refers (Special) to iusefp.o(.text) for __I$use$fp
    cos.o(i.cos) refers to errno.o(i.__set_errno) for __set_errno
    cos.o(i.cos) refers to ddiv.o(.text) for __aeabi_ddiv
    cos.o(i.cos) refers to dscalb.o(.text) for __ARM_scalbn
    cos.o(i.cos) refers to rred.o(i.__ieee754_rem_pio2) for __ieee754_rem_pio2
    cos.o(i.cos) refers to sin_i.o(i.__kernel_sin) for __kernel_sin
    cos.o(i.cos) refers to cos_i.o(i.__kernel_cos) for __kernel_cos
    cos_x.o(i.____softfp_cos$lsc) refers (Special) to iusefp.o(.text) for __I$use$fp
    cos_x.o(i.____softfp_cos$lsc) refers to cos_x.o(i.__cos$lsc) for __cos$lsc
    cos_x.o(i.__cos$lsc) refers (Special) to iusefp.o(.text) for __I$use$fp
    cos_x.o(i.__cos$lsc) refers to errno.o(i.__set_errno) for __set_errno
    cos_x.o(i.__cos$lsc) refers to dscalb.o(.text) for __ARM_scalbn
    cos_x.o(i.__cos$lsc) refers to rred.o(i.__ieee754_rem_pio2) for __ieee754_rem_pio2
    cos_x.o(i.__cos$lsc) refers to sin_i.o(i.__kernel_sin) for __kernel_sin
    cos_x.o(i.__cos$lsc) refers to cos_i.o(i.__kernel_cos) for __kernel_cos
    sin.o(i.__softfp_sin) refers (Special) to iusefp.o(.text) for __I$use$fp
    sin.o(i.__softfp_sin) refers to sin.o(i.sin) for sin
    sin.o(i.sin) refers (Special) to iusefp.o(.text) for __I$use$fp
    sin.o(i.sin) refers to errno.o(i.__set_errno) for __set_errno
    sin.o(i.sin) refers to ddiv.o(.text) for __aeabi_ddiv
    sin.o(i.sin) refers to dscalb.o(.text) for __ARM_scalbn
    sin.o(i.sin) refers to rred.o(i.__ieee754_rem_pio2) for __ieee754_rem_pio2
    sin.o(i.sin) refers to cos_i.o(i.__kernel_cos) for __kernel_cos
    sin.o(i.sin) refers to sin_i.o(i.__kernel_sin) for __kernel_sin
    sin_x.o(i.____softfp_sin$lsc) refers (Special) to iusefp.o(.text) for __I$use$fp
    sin_x.o(i.____softfp_sin$lsc) refers to sin_x.o(i.__sin$lsc) for __sin$lsc
    sin_x.o(i.__sin$lsc) refers (Special) to iusefp.o(.text) for __I$use$fp
    sin_x.o(i.__sin$lsc) refers to errno.o(i.__set_errno) for __set_errno
    sin_x.o(i.__sin$lsc) refers to dscalb.o(.text) for __ARM_scalbn
    sin_x.o(i.__sin$lsc) refers to rred.o(i.__ieee754_rem_pio2) for __ieee754_rem_pio2
    sin_x.o(i.__sin$lsc) refers to cos_i.o(i.__kernel_cos) for __kernel_cos
    sin_x.o(i.__sin$lsc) refers to sin_i.o(i.__kernel_sin) for __kernel_sin
    entry.o(.ARM.Collect$$$$00000000) refers (Special) to entry10a.o(.ARM.Collect$$$$0000000D) for __rt_final_cpp
    entry.o(.ARM.Collect$$$$00000000) refers (Special) to entry11a.o(.ARM.Collect$$$$0000000F) for __rt_final_exit
    entry.o(.ARM.Collect$$$$00000000) refers (Special) to entry7b.o(.ARM.Collect$$$$00000008) for _main_clock
    entry.o(.ARM.Collect$$$$00000000) refers (Special) to entry8b.o(.ARM.Collect$$$$0000000A) for _main_cpp_init
    entry.o(.ARM.Collect$$$$00000000) refers (Special) to entry9a.o(.ARM.Collect$$$$0000000B) for _main_init
    entry.o(.ARM.Collect$$$$00000000) refers (Special) to entry5.o(.ARM.Collect$$$$00000004) for _main_scatterload
    entry.o(.ARM.Collect$$$$00000000) refers (Special) to entry2.o(.ARM.Collect$$$$00000001) for _main_stk
    strtok.o(.text) refers to strtok.o(.data) for .data
    strtok_r.o(.text) refers to strtok_r.o(.data) for .data
    atoi.o(.text) refers to errno.o(i.__aeabi_errno_addr) for __aeabi_errno_addr
    atoi.o(.text) refers to strtol.o(.text) for strtol
    dadd.o(.text) refers (Special) to iusefp.o(.text) for __I$use$fp
    dadd.o(.text) refers to llshl.o(.text) for __aeabi_llsl
    dadd.o(.text) refers to llsshr.o(.text) for __aeabi_lasr
    dadd.o(.text) refers to depilogue.o(.text) for _double_epilogue
    dmul.o(.text) refers (Special) to iusefp.o(.text) for __I$use$fp
    dmul.o(.text) refers to depilogue.o(.text) for _double_epilogue
    ddiv.o(.text) refers (Special) to iusefp.o(.text) for __I$use$fp
    ddiv.o(.text) refers to depilogue.o(.text) for _double_round
    dflti.o(.text) refers (Special) to iusefp.o(.text) for __I$use$fp
    dflti.o(.text) refers to depilogue.o(.text) for _double_epilogue
    dfixi.o(.text) refers (Special) to iusefp.o(.text) for __I$use$fp
    dfixi.o(.text) refers to llushr.o(.text) for __aeabi_llsr
    cos_i.o(i.__kernel_cos) refers (Special) to iusefp.o(.text) for __I$use$fp
    cos_i.o(i.__kernel_cos) refers to dfixi.o(.text) for __aeabi_d2iz
    cos_i.o(i.__kernel_cos) refers to dmul.o(.text) for __aeabi_dmul
    cos_i.o(i.__kernel_cos) refers to poly.o(i.__kernel_poly) for __kernel_poly
    cos_i.o(i.__kernel_cos) refers to dadd.o(.text) for __aeabi_dsub
    cos_i.o(i.__kernel_cos) refers to dscalb.o(.text) for __ARM_scalbn
    cos_i.o(i.__kernel_cos) refers to cos_i.o(.constdata) for .constdata
    cos_i.o(.constdata) refers (Special) to iusefp.o(.text) for __I$use$fp
    rred.o(i.__ieee754_rem_pio2) refers (Special) to iusefp.o(.text) for __I$use$fp
    rred.o(i.__ieee754_rem_pio2) refers to dadd.o(.text) for __aeabi_dsub
    rred.o(i.__ieee754_rem_pio2) refers to dmul.o(.text) for __aeabi_dmul
    rred.o(i.__ieee754_rem_pio2) refers to dfixi.o(.text) for __aeabi_d2iz
    rred.o(i.__ieee754_rem_pio2) refers to dflti.o(.text) for __aeabi_i2d
    rred.o(i.__ieee754_rem_pio2) refers to dfltui.o(.text) for __aeabi_ui2d
    rred.o(i.__ieee754_rem_pio2) refers to dscalb.o(.text) for __ARM_scalbn
    rred.o(i.__ieee754_rem_pio2) refers to rred.o(.constdata) for .constdata
    rred.o(i.__use_accurate_range_reduction) refers (Special) to iusefp.o(.text) for __I$use$fp
    rred.o(.constdata) refers (Special) to iusefp.o(.text) for __I$use$fp
    sin_i.o(i.__kernel_sin) refers (Special) to iusefp.o(.text) for __I$use$fp
    sin_i.o(i.__kernel_sin) refers to fpclassify.o(i.__ARM_fpclassify) for __ARM_fpclassify
    sin_i.o(i.__kernel_sin) refers to dunder.o(i.__mathlib_dbl_underflow) for __mathlib_dbl_underflow
    sin_i.o(i.__kernel_sin) refers to dmul.o(.text) for __aeabi_dmul
    sin_i.o(i.__kernel_sin) refers to poly.o(i.__kernel_poly) for __kernel_poly
    sin_i.o(i.__kernel_sin) refers to dscalb.o(.text) for __ARM_scalbn
    sin_i.o(i.__kernel_sin) refers to dadd.o(.text) for __aeabi_dsub
    sin_i.o(i.__kernel_sin) refers to sin_i.o(.constdata) for .constdata
    sin_i.o(.constdata) refers (Special) to iusefp.o(.text) for __I$use$fp
    sin_i_x.o(i.____kernel_sin$lsc) refers (Special) to iusefp.o(.text) for __I$use$fp
    sin_i_x.o(i.____kernel_sin$lsc) refers to dmul.o(.text) for __aeabi_dmul
    sin_i_x.o(i.____kernel_sin$lsc) refers to poly.o(i.__kernel_poly) for __kernel_poly
    sin_i_x.o(i.____kernel_sin$lsc) refers to dscalb.o(.text) for __ARM_scalbn
    sin_i_x.o(i.____kernel_sin$lsc) refers to dadd.o(.text) for __aeabi_dsub
    sin_i_x.o(i.____kernel_sin$lsc) refers to sin_i_x.o(.constdata) for .constdata
    sin_i_x.o(.constdata) refers (Special) to iusefp.o(.text) for __I$use$fp
    entry2.o(.ARM.Collect$$$$00000001) refers to entry2.o(.ARM.Collect$$$$00002712) for __lit__00000000
    entry2.o(.ARM.Collect$$$$00002712) refers to startup.o(STACK) for __initial_sp
    entry2.o(__vectab_stack_and_reset_area) refers to startup.o(STACK) for __initial_sp
    entry2.o(__vectab_stack_and_reset_area) refers to entry.o(.ARM.Collect$$$$00000000) for __main
    entry5.o(.ARM.Collect$$$$00000004) refers to init.o(.text) for __scatterload
    entry9a.o(.ARM.Collect$$$$0000000B) refers to blynk.o(i.main) for main
    entry9b.o(.ARM.Collect$$$$0000000C) refers to blynk.o(i.main) for main
    errno.o(i.__aeabi_errno_addr) refers to errno.o(.data) for .data
    errno.o(i.__read_errno) refers to errno.o(.data) for .data
    errno.o(i.__set_errno) refers to errno.o(.data) for .data
    strtol.o(.text) refers to ctype_o.o(.text) for __rt_ctype_table
    strtol.o(.text) refers to _strtoul.o(.text) for _strtoul
    strtol.o(.text) refers to errno.o(i.__aeabi_errno_addr) for __aeabi_errno_addr
    depilogue.o(.text) refers to llshl.o(.text) for __aeabi_llsl
    depilogue.o(.text) refers to llushr.o(.text) for __aeabi_llsr
    dunder.o(i.__mathlib_dbl_underflow) refers to dscalb.o(.text) for __ARM_scalbn
    fpclassify.o(i.__ARM_fpclassify) refers (Special) to iusefp.o(.text) for __I$use$fp
    poly.o(i.__kernel_poly) refers (Special) to iusefp.o(.text) for __I$use$fp
    poly.o(i.__kernel_poly) refers to dmul.o(.text) for __aeabi_dmul
    poly.o(i.__kernel_poly) refers to dadd.o(.text) for __aeabi_dadd
    init.o(.text) refers to entry5.o(.ARM.Collect$$$$00000004) for __main_after_scatterload
    ctype_o.o(.text) refers to ctype_o.o(.constdata) for .constdata
    ctype_o.o(.constdata) refers to ctype_o.o(.constdata) for __ctype_table
    isalnum_o.o(.text) refers to ctype_o.o(.text) for __rt_ctype_table
    isalpha_o.o(.text) refers to ctype_o.o(.text) for __rt_ctype_table
    isblank_o.o(.text) refers to ctype_o.o(.constdata) for __ctype_table
    iscntrl_o.o(.text) refers to ctype_o.o(.text) for __rt_ctype_table
    isdigit_o.o(.text) refers to ctype_o.o(.text) for __rt_ctype_table
    isgraph_o.o(.text) refers to ctype_o.o(.text) for __rt_ctype_table
    islower_o.o(.text) refers to ctype_o.o(.text) for __rt_ctype_table
    isprint_o.o(.text) refers to ctype_o.o(.text) for __rt_ctype_table
    ispunct_o.o(.text) refers to ctype_o.o(.text) for __rt_ctype_table
    isspace_o.o(.text) refers to ctype_o.o(.text) for __rt_ctype_table
    isupper_o.o(.text) refers to ctype_o.o(.text) for __rt_ctype_table
    isxdigit_o.o(.text) refers to ctype_o.o(.text) for __rt_ctype_table
    _strtoul.o(.text) refers to _chval.o(.text) for _chval
    _strtoul.o(.text) refers to errno.o(i.__aeabi_errno_addr) for __aeabi_errno_addr
    dfltui.o(.text) refers to depilogue.o(.text) for _double_epilogue


==============================================================================

Removing Unused input sections from the image.

    Removing esp8266.o(i.ESP8266_AvailableInput), (8 bytes).
    Removing st7735.o(i.Output_Clear), (10 bytes).
    Removing st7735.o(i.Output_Off), (8 bytes).
    Removing st7735.o(i.Output_On), (8 bytes).
    Removing st7735.o(i.ST7735_Color565), (24 bytes).
    Removing st7735.o(i.ST7735_DrawChar), (272 bytes).
    Removing st7735.o(i.ST7735_DrawCircle), (172 bytes).
    Removing st7735.o(i.ST7735_DrawFastHLine), (128 bytes).
    Removing st7735.o(i.ST7735_DrawSmallCircle), (172 bytes).
    Removing st7735.o(i.ST7735_InitB), (40 bytes).
    Removing st7735.o(i.ST7735_InvertDisplay), (26 bytes).
    Removing st7735.o(i.ST7735_OutString), (24 bytes).
    Removing st7735.o(i.ST7735_PlotBar), (88 bytes).
    Removing st7735.o(i.ST7735_PlotClear), (92 bytes).
    Removing st7735.o(i.ST7735_PlotLine), (264 bytes).
    Removing st7735.o(i.ST7735_PlotNext), (32 bytes).
    Removing st7735.o(i.ST7735_PlotNextErase), (64 bytes).
    Removing st7735.o(i.ST7735_PlotPoint), (152 bytes).
    Removing st7735.o(i.ST7735_PlotPoints), (172 bytes).
    Removing st7735.o(i.ST7735_PlotdBfs), (60 bytes).
    Removing st7735.o(i.ST7735_SetRotation), (216 bytes).
    Removing st7735.o(i.ST7735_SwapColor), (18 bytes).
    Removing st7735.o(i.ferror), (8 bytes).
    Removing st7735.o(i.fgetc), (6 bytes).
    Removing st7735.o(i.fputc), (16 bytes).
    Removing uart.o(i.RxFifo_Get), (60 bytes).
    Removing uart.o(i.UART_InChar), (20 bytes).
    Removing uart.o(i.UART_InCharNonBlock), (20 bytes).
    Removing uart.o(i.UART_InString), (70 bytes).
    Removing uart.o(i.UART_InUDec), (76 bytes).
    Removing uart.o(i.UART_InUHex), (108 bytes).
    Removing uart.o(i.UART_OutUDec), (42 bytes).
    Removing uart.o(i.UART_OutUHex), (52 bytes).
    Removing startup.o(HEAP), (0 bytes).
    Removing systick.o(i.SysTick_Wait), (32 bytes).
    Removing systick.o(i.SysTick_Wait10ms), (28 bytes).

36 unused section(s) (total 2588 bytes) removed from the image.

==============================================================================

Image Symbol Table

    Local Symbols

    Symbol Name                              Value     Ov Type        Size  Object(Section)

    RESET                                    0x00000000   Section      644  startup.o(RESET)
    ../clib/../cmprslib/zerorunl2.c          0x00000000   Number         0  __dczerorl2.o ABSOLUTE
    ../clib/microlib/ctype/ctype.c           0x00000000   Number         0  isupper_o.o ABSOLUTE
    ../clib/microlib/ctype/ctype.c           0x00000000   Number         0  isspace_o.o ABSOLUTE
    ../clib/microlib/ctype/ctype.c           0x00000000   Number         0  ispunct_o.o ABSOLUTE
    ../clib/microlib/ctype/ctype.c           0x00000000   Number         0  iscntrl_o.o ABSOLUTE
    ../clib/microlib/ctype/ctype.c           0x00000000   Number         0  isdigit_o.o ABSOLUTE
    ../clib/microlib/ctype/ctype.c           0x00000000   Number         0  isprint_o.o ABSOLUTE
    ../clib/microlib/ctype/ctype.c           0x00000000   Number         0  ctype_o.o ABSOLUTE
    ../clib/microlib/ctype/ctype.c           0x00000000   Number         0  isalnum_o.o ABSOLUTE
    ../clib/microlib/ctype/ctype.c           0x00000000   Number         0  isalpha_o.o ABSOLUTE
    ../clib/microlib/ctype/ctype.c           0x00000000   Number         0  isblank_o.o ABSOLUTE
    ../clib/microlib/ctype/ctype.c           0x00000000   Number         0  islower_o.o ABSOLUTE
    ../clib/microlib/ctype/ctype.c           0x00000000   Number         0  isgraph_o.o ABSOLUTE
    ../clib/microlib/ctype/ctype.c           0x00000000   Number         0  isxdigit_o.o ABSOLUTE
    ../clib/microlib/errno.c                 0x00000000   Number         0  errno.o ABSOLUTE
    ../clib/microlib/init/entry.s            0x00000000   Number         0  entry9b.o ABSOLUTE
    ../clib/microlib/init/entry.s            0x00000000   Number         0  entry.o ABSOLUTE
    ../clib/microlib/init/entry.s            0x00000000   Number         0  entry10a.o ABSOLUTE
    ../clib/microlib/init/entry.s            0x00000000   Number         0  entry10b.o ABSOLUTE
    ../clib/microlib/init/entry.s            0x00000000   Number         0  entry11a.o ABSOLUTE
    ../clib/microlib/init/entry.s            0x00000000   Number         0  entry11b.o ABSOLUTE
    ../clib/microlib/init/entry.s            0x00000000   Number         0  entry2.o ABSOLUTE
    ../clib/microlib/init/entry.s            0x00000000   Number         0  entry8a.o ABSOLUTE
    ../clib/microlib/init/entry.s            0x00000000   Number         0  entry5.o ABSOLUTE
    ../clib/microlib/init/entry.s            0x00000000   Number         0  entry7a.o ABSOLUTE
    ../clib/microlib/init/entry.s            0x00000000   Number         0  entry7b.o ABSOLUTE
    ../clib/microlib/init/entry.s            0x00000000   Number         0  entry8b.o ABSOLUTE
    ../clib/microlib/init/entry.s            0x00000000   Number         0  entry9a.o ABSOLUTE
    ../clib/microlib/longlong.c              0x00000000   Number         0  llshl.o ABSOLUTE
    ../clib/microlib/longlong.c              0x00000000   Number         0  llushr.o ABSOLUTE
    ../clib/microlib/longlong.c              0x00000000   Number         0  llsshr.o ABSOLUTE
    ../clib/microlib/string/strcpy.c         0x00000000   Number         0  strcpy.o ABSOLUTE
    ../clib/microlib/string/strtok.c         0x00000000   Number         0  strtok.o ABSOLUTE
    ../clib/microlib/string/strtok.c         0x00000000   Number         0  strtok_r.o ABSOLUTE
    ../clib/microlib/stubs.s                 0x00000000   Number         0  iusefp.o ABSOLUTE
    ../clib/scanf.c                          0x00000000   Number         0  _chval.o ABSOLUTE
    ../clib/scanf.c                          0x00000000   Number         0  atoi.o ABSOLUTE
    ../clib/scanf.c                          0x00000000   Number         0  _strtoul.o ABSOLUTE
    ../clib/scanf.c                          0x00000000   Number         0  strtol.o ABSOLUTE
    ../fplib/microlib/fpadd.c                0x00000000   Number         0  dadd.o ABSOLUTE
    ../fplib/microlib/fpdiv.c                0x00000000   Number         0  ddiv.o ABSOLUTE
    ../fplib/microlib/fpepilogue.c           0x00000000   Number         0  depilogue.o ABSOLUTE
    ../fplib/microlib/fpfix.c                0x00000000   Number         0  dfixi.o ABSOLUTE
    ../fplib/microlib/fpflt.c                0x00000000   Number         0  dflti.o ABSOLUTE
    ../fplib/microlib/fpflt.c                0x00000000   Number         0  dfltui.o ABSOLUTE
    ../fplib/microlib/fpmul.c                0x00000000   Number         0  dmul.o ABSOLUTE
    ../fplib/microlib/fpscalb.c              0x00000000   Number         0  dscalb.o ABSOLUTE
    ../mathlib/cos.c                         0x00000000   Number         0  cos_x.o ABSOLUTE
    ../mathlib/cos.c                         0x00000000   Number         0  cos.o ABSOLUTE
    ../mathlib/cos_i.c                       0x00000000   Number         0  cos_i.o ABSOLUTE
    ../mathlib/dunder.c                      0x00000000   Number         0  dunder.o ABSOLUTE
    ../mathlib/fpclassify.c                  0x00000000   Number         0  fpclassify.o ABSOLUTE
    ../mathlib/poly.c                        0x00000000   Number         0  poly.o ABSOLUTE
    ../mathlib/rred.c                        0x00000000   Number         0  rred.o ABSOLUTE
    ../mathlib/sin.c                         0x00000000   Number         0  sin_x.o ABSOLUTE
    ../mathlib/sin.c                         0x00000000   Number         0  sin.o ABSOLUTE
    ../mathlib/sin_i.c                       0x00000000   Number         0  sin_i_x.o ABSOLUTE
    ../mathlib/sin_i.c                       0x00000000   Number         0  sin_i.o ABSOLUTE
    ..\inc\LCD.c                             0x00000000   Number         0  lcd.o ABSOLUTE
    ..\inc\PLL.c                             0x00000000   Number         0  pll.o ABSOLUTE
    ..\inc\PortF.c                           0x00000000   Number         0  portf.o ABSOLUTE
    ..\inc\ST7735.c                          0x00000000   Number         0  st7735.o ABSOLUTE
    ..\inc\Systick.c                         0x00000000   Number         0  systick.o ABSOLUTE
    ..\inc\Timer.c                           0x00000000   Number         0  timer.o ABSOLUTE
    ..\inc\Timer2.c                          0x00000000   Number         0  timer2.o ABSOLUTE
    ..\inc\Timer3.c                          0x00000000   Number         0  timer3.o ABSOLUTE
    ..\inc\UART.c                            0x00000000   Number         0  uart.o ABSOLUTE
    ..\inc\esp8266.c                         0x00000000   Number         0  esp8266.o ABSOLUTE
    ..\inc\startup.s                         0x00000000   Number         0  startup.o ABSOLUTE
    Blynk.c                                  0x00000000   Number         0  blynk.o ABSOLUTE
    Speaker.c                                0x00000000   Number         0  speaker.o ABSOLUTE
    dc.s                                     0x00000000   Number         0  dc.o ABSOLUTE
    handlers.s                               0x00000000   Number         0  handlers.o ABSOLUTE
    init.s                                   0x00000000   Number         0  init.o ABSOLUTE
    .ARM.Collect$$$$00000000                 0x00000284   Section        0  entry.o(.ARM.Collect$$$$00000000)
    .ARM.Collect$$$$00000001                 0x00000284   Section        4  entry2.o(.ARM.Collect$$$$00000001)
    .ARM.Collect$$$$00000004                 0x00000288   Section        4  entry5.o(.ARM.Collect$$$$00000004)
    .ARM.Collect$$$$00000008                 0x0000028c   Section        0  entry7b.o(.ARM.Collect$$$$00000008)
    .ARM.Collect$$$$0000000A                 0x0000028c   Section        0  entry8b.o(.ARM.Collect$$$$0000000A)
    .ARM.Collect$$$$0000000B                 0x0000028c   Section        8  entry9a.o(.ARM.Collect$$$$0000000B)
    .ARM.Collect$$$$0000000D                 0x00000294   Section        0  entry10a.o(.ARM.Collect$$$$0000000D)
    .ARM.Collect$$$$0000000F                 0x00000294   Section        0  entry11a.o(.ARM.Collect$$$$0000000F)
    .ARM.Collect$$$$00002712                 0x00000294   Section        4  entry2.o(.ARM.Collect$$$$00002712)
    __lit__00000000                          0x00000294   Data           4  entry2.o(.ARM.Collect$$$$00002712)
    .text                                    0x00000298   Section       28  startup.o(.text)
    .text                                    0x000002b4   Section        0  strcpy.o(.text)
    .text                                    0x000002c8   Section        0  strtok.o(.text)
    .text                                    0x0000030c   Section        0  atoi.o(.text)
    .text                                    0x00000326   Section        0  dadd.o(.text)
    .text                                    0x00000474   Section        0  dmul.o(.text)
    .text                                    0x00000558   Section        0  ddiv.o(.text)
    .text                                    0x00000636   Section        0  dflti.o(.text)
    .text                                    0x00000658   Section        0  dfixi.o(.text)
    .text                                    0x00000696   Section        0  llshl.o(.text)
    .text                                    0x000006b4   Section        0  llushr.o(.text)
    .text                                    0x000006d4   Section        0  llsshr.o(.text)
    .text                                    0x000006f8   Section        0  strtol.o(.text)
    .text                                    0x00000768   Section        0  depilogue.o(.text)
    .text                                    0x00000768   Section        0  iusefp.o(.text)
    .text                                    0x00000826   Section        0  dscalb.o(.text)
    .text                                    0x00000854   Section       36  init.o(.text)
    .text                                    0x00000878   Section        0  ctype_o.o(.text)
    .text                                    0x00000880   Section        0  _strtoul.o(.text)
    .text                                    0x0000091e   Section        0  dfltui.o(.text)
    .text                                    0x00000938   Section        0  _chval.o(.text)
    .text                                    0x00000954   Section        0  __dczerorl2.o(.text)
    i.Blynk_to_TM4C                          0x000009b0   Section        0  blynk.o(i.Blynk_to_TM4C)
    i.ButtonControl                          0x00000ac0   Section        0  blynk.o(i.ButtonControl)
    i.CheckInactiveTime                      0x000013c8   Section        0  blynk.o(i.CheckInactiveTime)
    i.Delay1ms                               0x0000143c   Section        0  st7735.o(i.Delay1ms)
    i.DelayMs                                0x0000145c   Section        0  esp8266.o(i.DelayMs)
    i.ESP8266_GetMessage                     0x0000147c   Section        0  esp8266.o(i.ESP8266_GetMessage)
    i.ESP8266_Init                           0x000014cc   Section        0  esp8266.o(i.ESP8266_Init)
    i.ESP8266_OutChar                        0x00001554   Section        0  esp8266.o(i.ESP8266_OutChar)
    i.ESP8266_OutString                      0x00001588   Section        0  esp8266.o(i.ESP8266_OutString)
    i.ESP8266_OutUDec                        0x000015a0   Section        0  esp8266.o(i.ESP8266_OutUDec)
    i.ESP8266_Reset                          0x000015cc   Section        0  esp8266.o(i.ESP8266_Reset)
    i.ESP8266_SetupWiFi                      0x000015f8   Section        0  esp8266.o(i.ESP8266_SetupWiFi)
    i.Output_Color                           0x00001740   Section        0  st7735.o(i.Output_Color)
    i.Output_Init                            0x0000174c   Section        0  st7735.o(i.Output_Init)
    i.PLL_Init                               0x0000175c   Section        0  pll.o(i.PLL_Init)
    i.PhaseControl                           0x000017d8   Section        0  blynk.o(i.PhaseControl)
    i.PortD_Init                             0x00001d64   Section        0  blynk.o(i.PortD_Init)
    i.PortF_Init                             0x00001dd0   Section        0  portf.o(i.PortF_Init)
    i.PortF_Input                            0x00001e2c   Section        0  portf.o(i.PortF_Input)
    i.PortF_Output                           0x00001e3c   Section        0  portf.o(i.PortF_Output)
    i.ResetToFactory                         0x00001e48   Section        0  blynk.o(i.ResetToFactory)
    i.Rx5Fifo_Init                           0x00001e98   Section        0  esp8266.o(i.Rx5Fifo_Init)
    i.Rx5Fifo_Put                            0x00001ec4   Section        0  esp8266.o(i.Rx5Fifo_Put)
    i.Rx5Fifo_Size                           0x00001f94   Section        0  esp8266.o(i.Rx5Fifo_Size)
    i.RxFifo_Init                            0x00001fa8   Section        0  uart.o(i.RxFifo_Init)
    i.RxFifo_Put                             0x00001fcc   Section        0  uart.o(i.RxFifo_Put)
    i.RxFifo_Size                            0x00002008   Section        0  uart.o(i.RxFifo_Size)
    i.ST7735_4Line                           0x0000201c   Section        0  lcd.o(i.ST7735_4Line)
    i.ST7735_DrawBitmap                      0x00002088   Section        0  st7735.o(i.ST7735_DrawBitmap)
    i.ST7735_DrawCharS                       0x000021ac   Section        0  st7735.o(i.ST7735_DrawCharS)
    i.ST7735_DrawFastVLine                   0x000022a0   Section        0  st7735.o(i.ST7735_DrawFastVLine)
    i.ST7735_DrawPixel                       0x00002320   Section        0  st7735.o(i.ST7735_DrawPixel)
    i.ST7735_DrawString                      0x0000236c   Section        0  st7735.o(i.ST7735_DrawString)
    i.ST7735_FillRect                        0x000023c4   Section        0  st7735.o(i.ST7735_FillRect)
    i.ST7735_FillScreen                      0x00002474   Section        0  st7735.o(i.ST7735_FillScreen)
    i.ST7735_InitR                           0x00002498   Section        0  st7735.o(i.ST7735_InitR)
    i.ST7735_Line                            0x00002514   Section        0  lcd.o(i.ST7735_Line)
    i.ST7735_OutChar                         0x0000262c   Section        0  st7735.o(i.ST7735_OutChar)
    i.ST7735_OutUDec                         0x00002704   Section        0  st7735.o(i.ST7735_OutUDec)
    i.ST7735_SetCursor                       0x00002790   Section        0  st7735.o(i.ST7735_SetCursor)
    i.ST7735_SetTextColor                    0x000027b0   Section        0  st7735.o(i.ST7735_SetTextColor)
    i.SendInformation                        0x000027bc   Section        0  blynk.o(i.SendInformation)
    i.SysTick_Handler                        0x0000281c   Section        0  systick.o(i.SysTick_Handler)
    i.SysTick_Init                           0x00002894   Section        0  systick.o(i.SysTick_Init)
    i.TM4C_to_Blynk                          0x000028c8   Section        0  blynk.o(i.TM4C_to_Blynk)
    i.Timer2A_Handler                        0x00002904   Section        0  timer2.o(i.Timer2A_Handler)
    i.Timer2_Init                            0x0000291c   Section        0  timer2.o(i.Timer2_Init)
    i.Timer3A_Handler                        0x0000297c   Section        0  timer3.o(i.Timer3A_Handler)
    i.Timer3_Init                            0x00002994   Section        0  timer3.o(i.Timer3_Init)
    i.Tx5Fifo_Get                            0x000029f4   Section        0  esp8266.o(i.Tx5Fifo_Get)
    i.Tx5Fifo_Init                           0x00002a2c   Section        0  esp8266.o(i.Tx5Fifo_Init)
    i.Tx5Fifo_Put                            0x00002a50   Section        0  esp8266.o(i.Tx5Fifo_Put)
    i.Tx5Fifo_Size                           0x00002a8c   Section        0  esp8266.o(i.Tx5Fifo_Size)
    i.TxFifo_Get                             0x00002aa0   Section        0  uart.o(i.TxFifo_Get)
    i.TxFifo_Init                            0x00002adc   Section        0  uart.o(i.TxFifo_Init)
    i.TxFifo_Put                             0x00002b00   Section        0  uart.o(i.TxFifo_Put)
    i.TxFifo_Size                            0x00002b3c   Section        0  uart.o(i.TxFifo_Size)
    i.UART0_Handler                          0x00002b50   Section        0  uart.o(i.UART0_Handler)
    i.UART5_Handler                          0x00002ba8   Section        0  esp8266.o(i.UART5_Handler)
    i.UART5_Init                             0x00002c00   Section        0  esp8266.o(i.UART5_Init)
    i.UART_Init                              0x00002cd8   Section        0  uart.o(i.UART_Init)
    i.UART_OutChar                           0x00002da4   Section        0  uart.o(i.UART_OutChar)
    i.UART_OutString                         0x00002dd8   Section        0  uart.o(i.UART_OutString)
    i.__ARM_fpclassify                       0x00002df0   Section        0  fpclassify.o(i.__ARM_fpclassify)
    i.__aeabi_errno_addr                     0x00002e18   Section        0  errno.o(i.__aeabi_errno_addr)
    i.__ieee754_rem_pio2                     0x00002e20   Section        0  rred.o(i.__ieee754_rem_pio2)
    i.__kernel_cos                           0x000031a8   Section        0  cos_i.o(i.__kernel_cos)
    i.__kernel_poly                          0x000032a4   Section        0  poly.o(i.__kernel_poly)
    i.__kernel_sin                           0x00003350   Section        0  sin_i.o(i.__kernel_sin)
    i.__mathlib_dbl_underflow                0x0000343c   Section        0  dunder.o(i.__mathlib_dbl_underflow)
    i.__scatterload_copy                     0x0000344c   Section       14  handlers.o(i.__scatterload_copy)
    i.__scatterload_null                     0x0000345a   Section        2  handlers.o(i.__scatterload_null)
    i.__scatterload_zeroinit                 0x0000345c   Section       14  handlers.o(i.__scatterload_zeroinit)
    i.__set_errno                            0x0000346c   Section        0  errno.o(i.__set_errno)
    i.checkAlarm                             0x00003478   Section        0  speaker.o(i.checkAlarm)
    i.commandList                            0x00003490   Section        0  st7735.o(i.commandList)
    commandList                              0x00003491   Thumb Code    86  st7735.o(i.commandList)
    i.commonInit                             0x000034e8   Section        0  st7735.o(i.commonInit)
    commonInit                               0x000034e9   Thumb Code   340  st7735.o(i.commonInit)
    i.copyHardwareToSoftware                 0x0000366c   Section        0  uart.o(i.copyHardwareToSoftware)
    copyHardwareToSoftware                   0x0000366d   Thumb Code    36  uart.o(i.copyHardwareToSoftware)
    i.copyHardwareToSoftware5                0x00003694   Section        0  esp8266.o(i.copyHardwareToSoftware5)
    copyHardwareToSoftware5                  0x00003695   Thumb Code    36  esp8266.o(i.copyHardwareToSoftware5)
    i.copySoftwareToHardware                 0x000036bc   Section        0  uart.o(i.copySoftwareToHardware)
    copySoftwareToHardware                   0x000036bd   Thumb Code    38  uart.o(i.copySoftwareToHardware)
    i.copySoftwareToHardware5                0x000036e8   Section        0  esp8266.o(i.copySoftwareToHardware5)
    copySoftwareToHardware5                  0x000036e9   Thumb Code    38  esp8266.o(i.copySoftwareToHardware5)
    i.cos                                    0x00003714   Section        0  cos.o(i.cos)
    i.deselect                               0x000037c0   Section        0  st7735.o(i.deselect)
    deselect                                 0x000037c1   Thumb Code    24  st7735.o(i.deselect)
    i.drawFace                               0x000037dc   Section        0  lcd.o(i.drawFace)
    i.drawHands                              0x000037f4   Section        0  lcd.o(i.drawHands)
    i.eraseHands                             0x0000398c   Section        0  lcd.o(i.eraseHands)
    i.fillmessage                            0x00003b20   Section        0  st7735.o(i.fillmessage)
    i.getHours                               0x00003b68   Section        0  timer.o(i.getHours)
    i.getMinutes                             0x00003bd0   Section        0  timer.o(i.getMinutes)
    i.getSeconds                             0x00003c28   Section        0  timer.o(i.getSeconds)
    i.main                                   0x00003c78   Section        0  blynk.o(i.main)
    i.outputTime                             0x00003d74   Section        0  timer.o(i.outputTime)
    i.outputTimer                            0x00003e02   Section        0  timer.o(i.outputTimer)
    i.pushColor                              0x00003e56   Section        0  st7735.o(i.pushColor)
    pushColor                                0x00003e57   Thumb Code    18  st7735.o(i.pushColor)
    i.setAddrWindow                          0x00003e68   Section        0  st7735.o(i.setAddrWindow)
    setAddrWindow                            0x00003e69   Thumb Code   106  st7735.o(i.setAddrWindow)
    i.sin                                    0x00003edc   Section        0  sin.o(i.sin)
    i.updateTime                             0x00003f8c   Section        0  timer.o(i.updateTime)
    i.writecommand                           0x00003fa8   Section        0  st7735.o(i.writecommand)
    writecommand                             0x00003fa9   Thumb Code    46  st7735.o(i.writecommand)
    i.writedata                              0x00003fe0   Section        0  st7735.o(i.writedata)
    writedata                                0x00003fe1   Thumb Code    24  st7735.o(i.writedata)
    .constdata                               0x00004000   Section     2114  st7735.o(.constdata)
    Font                                     0x00004000   Data        1275  st7735.o(.constdata)
    Bcmd                                     0x000044fb   Data         103  st7735.o(.constdata)
    Rcmd1                                    0x00004562   Data          59  st7735.o(.constdata)
    Rcmd2green                               0x0000459d   Data          13  st7735.o(.constdata)
    Rcmd2red                                 0x000045aa   Data          13  st7735.o(.constdata)
    Rcmd3                                    0x000045b7   Data          43  st7735.o(.constdata)
    .constdata                               0x00004842   Section    12800  lcd.o(.constdata)
    .constdata                               0x00007a42   Section       64  systick.o(.constdata)
    .constdata                               0x00007a88   Section       48  cos_i.o(.constdata)
    C                                        0x00007a88   Data          48  cos_i.o(.constdata)
    .constdata                               0x00007ab8   Section      200  rred.o(.constdata)
    pio2s                                    0x00007ab8   Data          48  rred.o(.constdata)
    twooverpi                                0x00007ae8   Data         152  rred.o(.constdata)
    .constdata                               0x00007b80   Section       40  sin_i.o(.constdata)
    S                                        0x00007b80   Data          40  sin_i.o(.constdata)
    .constdata                               0x00007ba8   Section      129  ctype_o.o(.constdata)
    .constdata                               0x00007c2c   Section        4  ctype_o.o(.constdata)
    table                                    0x00007c2c   Data           4  ctype_o.o(.constdata)
    .conststring                             0x00007c30   Section       54  blynk.o(.conststring)
    .data                                    0x20000000   Section      532  blynk.o(.data)
    .data                                    0x20000214   Section      148  esp8266.o(.data)
    .data                                    0x200002a8   Section       44  st7735.o(.data)
    _width                                   0x200002b2   Data           2  st7735.o(.data)
    _height                                  0x200002b4   Data           2  st7735.o(.data)
    ColStart                                 0x200002bc   Data           1  st7735.o(.data)
    RowStart                                 0x200002bd   Data           1  st7735.o(.data)
    Rotation                                 0x200002be   Data           1  st7735.o(.data)
    TabColor                                 0x200002bf   Data           1  st7735.o(.data)
    .data                                    0x200002d4   Section        4  timer2.o(.data)
    .data                                    0x200002d8   Section        4  timer3.o(.data)
    .data                                    0x200002dc   Section       16  uart.o(.data)
    .data                                    0x200002ec   Section        9  systick.o(.data)
    count                                    0x200002ec   Data           4  systick.o(.data)
    .data                                    0x200002f8   Section       28  timer.o(.data)
    .data                                    0x20000314   Section       12  speaker.o(.data)
    .data                                    0x20000320   Section        4  strtok.o(.data)
    state                                    0x20000320   Data           4  strtok.o(.data)
    .data                                    0x20000324   Section        4  errno.o(.data)
    _errno                                   0x20000324   Data           4  errno.o(.data)
    .bss                                     0x20000328   Section       64  blynk.o(.bss)
    .bss                                     0x20000368   Section      832  esp8266.o(.bss)
    Tx5Fifo                                  0x200005a8   Data         256  esp8266.o(.bss)
    .bss                                     0x200006a8   Section       12  st7735.o(.bss)
    .bss                                     0x200006b4   Section      128  uart.o(.bss)
    RxFifo                                   0x200006b4   Data          64  uart.o(.bss)
    TxFifo                                   0x200006f4   Data          64  uart.o(.bss)
    STACK                                    0x20000738   Section     1024  startup.o(STACK)
    StackMem                                 0x20000738   Data           0  startup.o(STACK)

    Global Symbols

    Symbol Name                              Value     Ov Type        Size  Object(Section)

    BuildAttributes$$THM_ISAv4$E$P$D$K$B$S$7EM$PE$A:L22UL41UL21$X:L11$S22US41US21$IEEE1$IW$USESV6$~STKCKD$USESV7$~SHL$OTIME$ROPI$IEEEX$EBA8$MICROLIB$REQ8$PRES8$EABIv2 0x00000000   Number         0  anon$$obj.o ABSOLUTE
    __ARM_use_no_argv                        0x00000000   Number         0  blynk.o ABSOLUTE
    __Vectors                                0x00000000   Data           0  startup.o(RESET)
    __cpp_initialize__aeabi_                  - Undefined Weak Reference
    __cxa_finalize                            - Undefined Weak Reference
    _clock_init                               - Undefined Weak Reference
    _microlib_exit                            - Undefined Weak Reference
    Reset_Handler                            0x0000026d   Thumb Code     0  startup.o(RESET)
    NMI_Handler                              0x00000271   Thumb Code     2  startup.o(RESET)
    HardFault_Handler                        0x00000273   Thumb Code     2  startup.o(RESET)
    MemManage_Handler                        0x00000275   Thumb Code     2  startup.o(RESET)
    BusFault_Handler                         0x00000277   Thumb Code     2  startup.o(RESET)
    UsageFault_Handler                       0x00000279   Thumb Code     2  startup.o(RESET)
    SVC_Handler                              0x0000027b   Thumb Code     2  startup.o(RESET)
    DebugMon_Handler                         0x0000027d   Thumb Code     2  startup.o(RESET)
    PendSV_Handler                           0x0000027f   Thumb Code     2  startup.o(RESET)
    ADC0Seq0_Handler                         0x00000283   Thumb Code     0  startup.o(RESET)
    ADC0Seq1_Handler                         0x00000283   Thumb Code     0  startup.o(RESET)
    ADC0Seq2_Handler                         0x00000283   Thumb Code     0  startup.o(RESET)
    ADC0Seq3_Handler                         0x00000283   Thumb Code     0  startup.o(RESET)
    ADC1Seq0_Handler                         0x00000283   Thumb Code     0  startup.o(RESET)
    ADC1Seq1_Handler                         0x00000283   Thumb Code     0  startup.o(RESET)
    ADC1Seq2_Handler                         0x00000283   Thumb Code     0  startup.o(RESET)
    ADC1Seq3_Handler                         0x00000283   Thumb Code     0  startup.o(RESET)
    CAN0_Handler                             0x00000283   Thumb Code     0  startup.o(RESET)
    CAN1_Handler                             0x00000283   Thumb Code     0  startup.o(RESET)
    CAN2_Handler                             0x00000283   Thumb Code     0  startup.o(RESET)
    Comp0_Handler                            0x00000283   Thumb Code     0  startup.o(RESET)
    Comp1_Handler                            0x00000283   Thumb Code     0  startup.o(RESET)
    Comp2_Handler                            0x00000283   Thumb Code     0  startup.o(RESET)
    Ethernet_Handler                         0x00000283   Thumb Code     0  startup.o(RESET)
    ExtBus_Handler                           0x00000283   Thumb Code     0  startup.o(RESET)
    FPU_Handler                              0x00000283   Thumb Code     0  startup.o(RESET)
    Fan0_Handler                             0x00000283   Thumb Code     0  startup.o(RESET)
    FlashCtl_Handler                         0x00000283   Thumb Code     0  startup.o(RESET)
    GPIOPortA_Handler                        0x00000283   Thumb Code     0  startup.o(RESET)
    GPIOPortB_Handler                        0x00000283   Thumb Code     0  startup.o(RESET)
    GPIOPortC_Handler                        0x00000283   Thumb Code     0  startup.o(RESET)
    GPIOPortD_Handler                        0x00000283   Thumb Code     0  startup.o(RESET)
    GPIOPortE_Handler                        0x00000283   Thumb Code     0  startup.o(RESET)
    GPIOPortF_Handler                        0x00000283   Thumb Code     0  startup.o(RESET)
    GPIOPortG_Handler                        0x00000283   Thumb Code     0  startup.o(RESET)
    GPIOPortH_Handler                        0x00000283   Thumb Code     0  startup.o(RESET)
    GPIOPortJ_Handler                        0x00000283   Thumb Code     0  startup.o(RESET)
    GPIOPortK_Handler                        0x00000283   Thumb Code     0  startup.o(RESET)
    GPIOPortL_Handler                        0x00000283   Thumb Code     0  startup.o(RESET)
    GPIOPortM_Handler                        0x00000283   Thumb Code     0  startup.o(RESET)
    GPIOPortN_Handler                        0x00000283   Thumb Code     0  startup.o(RESET)
    GPIOPortP1_Handler                       0x00000283   Thumb Code     0  startup.o(RESET)
    GPIOPortP2_Handler                       0x00000283   Thumb Code     0  startup.o(RESET)
    GPIOPortP3_Handler                       0x00000283   Thumb Code     0  startup.o(RESET)
    GPIOPortP4_Handler                       0x00000283   Thumb Code     0  startup.o(RESET)
    GPIOPortP5_Handler                       0x00000283   Thumb Code     0  startup.o(RESET)
    GPIOPortP6_Handler                       0x00000283   Thumb Code     0  startup.o(RESET)
    GPIOPortP7_Handler                       0x00000283   Thumb Code     0  startup.o(RESET)
    GPIOPortP_Handler                        0x00000283   Thumb Code     0  startup.o(RESET)
    GPIOPortQ1_Handler                       0x00000283   Thumb Code     0  startup.o(RESET)
    GPIOPortQ2_Handler                       0x00000283   Thumb Code     0  startup.o(RESET)
    GPIOPortQ3_Handler                       0x00000283   Thumb Code     0  startup.o(RESET)
    GPIOPortQ4_Handler                       0x00000283   Thumb Code     0  startup.o(RESET)
    GPIOPortQ5_Handler                       0x00000283   Thumb Code     0  startup.o(RESET)
    GPIOPortQ6_Handler                       0x00000283   Thumb Code     0  startup.o(RESET)
    GPIOPortQ7_Handler                       0x00000283   Thumb Code     0  startup.o(RESET)
    GPIOPortQ_Handler                        0x00000283   Thumb Code     0  startup.o(RESET)
    GPIOPortR_Handler                        0x00000283   Thumb Code     0  startup.o(RESET)
    GPIOPortS_Handler                        0x00000283   Thumb Code     0  startup.o(RESET)
    Hibernate_Handler                        0x00000283   Thumb Code     0  startup.o(RESET)
    I2C0_Handler                             0x00000283   Thumb Code     0  startup.o(RESET)
    I2C1_Handler                             0x00000283   Thumb Code     0  startup.o(RESET)
    I2C2_Handler                             0x00000283   Thumb Code     0  startup.o(RESET)
    I2C3_Handler                             0x00000283   Thumb Code     0  startup.o(RESET)
    I2C4_Handler                             0x00000283   Thumb Code     0  startup.o(RESET)
    I2C5_Handler                             0x00000283   Thumb Code     0  startup.o(RESET)
    I2S0_Handler                             0x00000283   Thumb Code     0  startup.o(RESET)
    LPC0_Handler                             0x00000283   Thumb Code     0  startup.o(RESET)
    PECI0_Handler                            0x00000283   Thumb Code     0  startup.o(RESET)
    PWM0Fault_Handler                        0x00000283   Thumb Code     0  startup.o(RESET)
    PWM0Generator0_Handler                   0x00000283   Thumb Code     0  startup.o(RESET)
    PWM0Generator1_Handler                   0x00000283   Thumb Code     0  startup.o(RESET)
    PWM0Generator2_Handler                   0x00000283   Thumb Code     0  startup.o(RESET)
    PWM0Generator3_Handler                   0x00000283   Thumb Code     0  startup.o(RESET)
    PWM1Fault_Handler                        0x00000283   Thumb Code     0  startup.o(RESET)
    PWM1Generator0_Handler                   0x00000283   Thumb Code     0  startup.o(RESET)
    PWM1Generator1_Handler                   0x00000283   Thumb Code     0  startup.o(RESET)
    PWM1Generator2_Handler                   0x00000283   Thumb Code     0  startup.o(RESET)
    PWM1Generator3_Handler                   0x00000283   Thumb Code     0  startup.o(RESET)
    Quadrature0_Handler                      0x00000283   Thumb Code     0  startup.o(RESET)
    Quadrature1_Handler                      0x00000283   Thumb Code     0  startup.o(RESET)
    Quadrature2_Handler                      0x00000283   Thumb Code     0  startup.o(RESET)
    SSI0_Handler                             0x00000283   Thumb Code     0  startup.o(RESET)
    SSI1_Handler                             0x00000283   Thumb Code     0  startup.o(RESET)
    SSI2_Handler                             0x00000283   Thumb Code     0  startup.o(RESET)
    SSI3_Handler                             0x00000283   Thumb Code     0  startup.o(RESET)
    SysCtl_Handler                           0x00000283   Thumb Code     0  startup.o(RESET)
    Timer0A_Handler                          0x00000283   Thumb Code     0  startup.o(RESET)
    Timer0B_Handler                          0x00000283   Thumb Code     0  startup.o(RESET)
    Timer1A_Handler                          0x00000283   Thumb Code     0  startup.o(RESET)
    Timer1B_Handler                          0x00000283   Thumb Code     0  startup.o(RESET)
    Timer2B_Handler                          0x00000283   Thumb Code     0  startup.o(RESET)
    Timer3B_Handler                          0x00000283   Thumb Code     0  startup.o(RESET)
    Timer4A_Handler                          0x00000283   Thumb Code     0  startup.o(RESET)
    Timer4B_Handler                          0x00000283   Thumb Code     0  startup.o(RESET)
    Timer5A_Handler                          0x00000283   Thumb Code     0  startup.o(RESET)
    Timer5B_Handler                          0x00000283   Thumb Code     0  startup.o(RESET)
    UART1_Handler                            0x00000283   Thumb Code     0  startup.o(RESET)
    UART2_Handler                            0x00000283   Thumb Code     0  startup.o(RESET)
    UART3_Handler                            0x00000283   Thumb Code     0  startup.o(RESET)
    UART4_Handler                            0x00000283   Thumb Code     0  startup.o(RESET)
    UART6_Handler                            0x00000283   Thumb Code     0  startup.o(RESET)
    UART7_Handler                            0x00000283   Thumb Code     0  startup.o(RESET)
    USB0_Handler                             0x00000283   Thumb Code     0  startup.o(RESET)
    WDT_Handler                              0x00000283   Thumb Code     0  startup.o(RESET)
    WideTimer0A_Handler                      0x00000283   Thumb Code     0  startup.o(RESET)
    WideTimer0B_Handler                      0x00000283   Thumb Code     0  startup.o(RESET)
    WideTimer1A_Handler                      0x00000283   Thumb Code     0  startup.o(RESET)
    WideTimer1B_Handler                      0x00000283   Thumb Code     0  startup.o(RESET)
    WideTimer2A_Handler                      0x00000283   Thumb Code     0  startup.o(RESET)
    WideTimer2B_Handler                      0x00000283   Thumb Code     0  startup.o(RESET)
    WideTimer3A_Handler                      0x00000283   Thumb Code     0  startup.o(RESET)
    WideTimer3B_Handler                      0x00000283   Thumb Code     0  startup.o(RESET)
    WideTimer4A_Handler                      0x00000283   Thumb Code     0  startup.o(RESET)
    WideTimer4B_Handler                      0x00000283   Thumb Code     0  startup.o(RESET)
    WideTimer5A_Handler                      0x00000283   Thumb Code     0  startup.o(RESET)
    WideTimer5B_Handler                      0x00000283   Thumb Code     0  startup.o(RESET)
    uDMA_Error                               0x00000283   Thumb Code     0  startup.o(RESET)
    uDMA_Handler                             0x00000283   Thumb Code     0  startup.o(RESET)
    __main                                   0x00000285   Thumb Code     0  entry.o(.ARM.Collect$$$$00000000)
    _main_stk                                0x00000285   Thumb Code     0  entry2.o(.ARM.Collect$$$$00000001)
    _main_scatterload                        0x00000289   Thumb Code     0  entry5.o(.ARM.Collect$$$$00000004)
    __main_after_scatterload                 0x0000028d   Thumb Code     0  entry5.o(.ARM.Collect$$$$00000004)
    _main_clock                              0x0000028d   Thumb Code     0  entry7b.o(.ARM.Collect$$$$00000008)
    _main_cpp_init                           0x0000028d   Thumb Code     0  entry8b.o(.ARM.Collect$$$$0000000A)
    _main_init                               0x0000028d   Thumb Code     0  entry9a.o(.ARM.Collect$$$$0000000B)
    __rt_final_cpp                           0x00000295   Thumb Code     0  entry10a.o(.ARM.Collect$$$$0000000D)
    __rt_final_exit                          0x00000295   Thumb Code     0  entry11a.o(.ARM.Collect$$$$0000000F)
    DisableInterrupts                        0x00000299   Thumb Code     0  startup.o(.text)
    EnableInterrupts                         0x0000029d   Thumb Code     0  startup.o(.text)
    StartCritical                            0x000002a1   Thumb Code     0  startup.o(.text)
    EndCritical                              0x000002a9   Thumb Code     0  startup.o(.text)
    WaitForInterrupt                         0x000002af   Thumb Code     0  startup.o(.text)
    strcpy                                   0x000002b5   Thumb Code    18  strcpy.o(.text)
    strtok                                   0x000002c9   Thumb Code    62  strtok.o(.text)
    atoi                                     0x0000030d   Thumb Code    26  atoi.o(.text)
    __aeabi_dadd                             0x00000327   Thumb Code   322  dadd.o(.text)
    __aeabi_dsub                             0x00000469   Thumb Code     6  dadd.o(.text)
    __aeabi_drsub                            0x0000046f   Thumb Code     6  dadd.o(.text)
    __aeabi_dmul                             0x00000475   Thumb Code   228  dmul.o(.text)
    __aeabi_ddiv                             0x00000559   Thumb Code   222  ddiv.o(.text)
    __aeabi_i2d                              0x00000637   Thumb Code    34  dflti.o(.text)
    __aeabi_d2iz                             0x00000659   Thumb Code    62  dfixi.o(.text)
    __aeabi_llsl                             0x00000697   Thumb Code    30  llshl.o(.text)
    _ll_shift_l                              0x00000697   Thumb Code     0  llshl.o(.text)
    __aeabi_llsr                             0x000006b5   Thumb Code    32  llushr.o(.text)
    _ll_ushift_r                             0x000006b5   Thumb Code     0  llushr.o(.text)
    __aeabi_lasr                             0x000006d5   Thumb Code    36  llsshr.o(.text)
    _ll_sshift_r                             0x000006d5   Thumb Code     0  llsshr.o(.text)
    strtol                                   0x000006f9   Thumb Code   112  strtol.o(.text)
    __I$use$fp                               0x00000769   Thumb Code     0  iusefp.o(.text)
    _double_round                            0x00000769   Thumb Code    26  depilogue.o(.text)
    _double_epilogue                         0x00000783   Thumb Code   164  depilogue.o(.text)
    __ARM_scalbn                             0x00000827   Thumb Code    46  dscalb.o(.text)
    scalbn                                   0x00000827   Thumb Code     0  dscalb.o(.text)
    __scatterload                            0x00000855   Thumb Code    28  init.o(.text)
    __scatterload_rt2                        0x00000855   Thumb Code     0  init.o(.text)
    __rt_ctype_table                         0x00000879   Thumb Code     4  ctype_o.o(.text)
    _strtoul                                 0x00000881   Thumb Code   158  _strtoul.o(.text)
    __aeabi_ui2d                             0x0000091f   Thumb Code    26  dfltui.o(.text)
    _chval                                   0x00000939   Thumb Code    28  _chval.o(.text)
    __decompress                             0x00000955   Thumb Code     0  __dczerorl2.o(.text)
    __decompress1                            0x00000955   Thumb Code    92  __dczerorl2.o(.text)
    Blynk_to_TM4C                            0x000009b1   Thumb Code   238  blynk.o(i.Blynk_to_TM4C)
    ButtonControl                            0x00000ac1   Thumb Code  2288  blynk.o(i.ButtonControl)
    CheckInactiveTime                        0x000013c9   Thumb Code    94  blynk.o(i.CheckInactiveTime)
    Delay1ms                                 0x0000143d   Thumb Code    32  st7735.o(i.Delay1ms)
    DelayMs                                  0x0000145d   Thumb Code    32  esp8266.o(i.DelayMs)
    ESP8266_GetMessage                       0x0000147d   Thumb Code    66  esp8266.o(i.ESP8266_GetMessage)
    ESP8266_Init                             0x000014cd   Thumb Code   118  esp8266.o(i.ESP8266_Init)
    ESP8266_OutChar                          0x00001555   Thumb Code    46  esp8266.o(i.ESP8266_OutChar)
    ESP8266_OutString                        0x00001589   Thumb Code    24  esp8266.o(i.ESP8266_OutString)
    ESP8266_OutUDec                          0x000015a1   Thumb Code    42  esp8266.o(i.ESP8266_OutUDec)
    ESP8266_Reset                            0x000015cd   Thumb Code    38  esp8266.o(i.ESP8266_Reset)
    ESP8266_SetupWiFi                        0x000015f9   Thumb Code   194  esp8266.o(i.ESP8266_SetupWiFi)
    Output_Color                             0x00001741   Thumb Code    12  st7735.o(i.Output_Color)
    Output_Init                              0x0000174d   Thumb Code    16  st7735.o(i.Output_Init)
    PLL_Init                                 0x0000175d   Thumb Code   118  pll.o(i.PLL_Init)
    PhaseControl                             0x000017d9   Thumb Code  1386  blynk.o(i.PhaseControl)
    PortD_Init                               0x00001d65   Thumb Code    84  blynk.o(i.PortD_Init)
    PortF_Init                               0x00001dd1   Thumb Code    74  portf.o(i.PortF_Init)
    PortF_Input                              0x00001e2d   Thumb Code    10  portf.o(i.PortF_Input)
    PortF_Output                             0x00001e3d   Thumb Code     6  portf.o(i.PortF_Output)
    ResetToFactory                           0x00001e49   Thumb Code    46  blynk.o(i.ResetToFactory)
    Rx5Fifo_Init                             0x00001e99   Thumb Code    30  esp8266.o(i.Rx5Fifo_Init)
    Rx5Fifo_Put                              0x00001ec5   Thumb Code   192  esp8266.o(i.Rx5Fifo_Put)
    Rx5Fifo_Size                             0x00001f95   Thumb Code    12  esp8266.o(i.Rx5Fifo_Size)
    RxFifo_Init                              0x00001fa9   Thumb Code    26  uart.o(i.RxFifo_Init)
    RxFifo_Put                               0x00001fcd   Thumb Code    48  uart.o(i.RxFifo_Put)
    RxFifo_Size                              0x00002009   Thumb Code    12  uart.o(i.RxFifo_Size)
    ST7735_4Line                             0x0000201d   Thumb Code   108  lcd.o(i.ST7735_4Line)
    ST7735_DrawBitmap                        0x00002089   Thumb Code   284  st7735.o(i.ST7735_DrawBitmap)
    ST7735_DrawCharS                         0x000021ad   Thumb Code   232  st7735.o(i.ST7735_DrawCharS)
    ST7735_DrawFastVLine                     0x000022a1   Thumb Code   120  st7735.o(i.ST7735_DrawFastVLine)
    ST7735_DrawPixel                         0x00002321   Thumb Code    68  st7735.o(i.ST7735_DrawPixel)
    ST7735_DrawString                        0x0000236d   Thumb Code    86  st7735.o(i.ST7735_DrawString)
    ST7735_FillRect                          0x000023c5   Thumb Code   168  st7735.o(i.ST7735_FillRect)
    ST7735_FillScreen                        0x00002475   Thumb Code    28  st7735.o(i.ST7735_FillScreen)
    ST7735_InitR                             0x00002499   Thumb Code    90  st7735.o(i.ST7735_InitR)
    ST7735_Line                              0x00002515   Thumb Code   280  lcd.o(i.ST7735_Line)
    ST7735_OutChar                           0x0000262d   Thumb Code   178  st7735.o(i.ST7735_OutChar)
    ST7735_OutUDec                           0x00002705   Thumb Code   118  st7735.o(i.ST7735_OutUDec)
    ST7735_SetCursor                         0x00002791   Thumb Code    22  st7735.o(i.ST7735_SetCursor)
    ST7735_SetTextColor                      0x000027b1   Thumb Code     6  st7735.o(i.ST7735_SetTextColor)
    SendInformation                          0x000027bd   Thumb Code    88  blynk.o(i.SendInformation)
    SysTick_Handler                          0x0000281d   Thumb Code    90  systick.o(i.SysTick_Handler)
    SysTick_Init                             0x00002895   Thumb Code    42  systick.o(i.SysTick_Init)
    TM4C_to_Blynk                            0x000028c9   Thumb Code    50  blynk.o(i.TM4C_to_Blynk)
    Timer2A_Handler                          0x00002905   Thumb Code    16  timer2.o(i.Timer2A_Handler)
    Timer2_Init                              0x0000291d   Thumb Code    76  timer2.o(i.Timer2_Init)
    Timer3A_Handler                          0x0000297d   Thumb Code    16  timer3.o(i.Timer3A_Handler)
    Timer3_Init                              0x00002995   Thumb Code    74  timer3.o(i.Timer3_Init)
    Tx5Fifo_Get                              0x000029f5   Thumb Code    44  esp8266.o(i.Tx5Fifo_Get)
    Tx5Fifo_Init                             0x00002a2d   Thumb Code    26  esp8266.o(i.Tx5Fifo_Init)
    Tx5Fifo_Put                              0x00002a51   Thumb Code    46  esp8266.o(i.Tx5Fifo_Put)
    Tx5Fifo_Size                             0x00002a8d   Thumb Code    12  esp8266.o(i.Tx5Fifo_Size)
    TxFifo_Get                               0x00002aa1   Thumb Code    46  uart.o(i.TxFifo_Get)
    TxFifo_Init                              0x00002add   Thumb Code    26  uart.o(i.TxFifo_Init)
    TxFifo_Put                               0x00002b01   Thumb Code    48  uart.o(i.TxFifo_Put)
    TxFifo_Size                              0x00002b3d   Thumb Code    12  uart.o(i.TxFifo_Size)
    UART0_Handler                            0x00002b51   Thumb Code    82  uart.o(i.UART0_Handler)
    UART5_Handler                            0x00002ba9   Thumb Code    82  esp8266.o(i.UART5_Handler)
    UART5_Init                               0x00002c01   Thumb Code   190  esp8266.o(i.UART5_Init)
    UART_Init                                0x00002cd9   Thumb Code   180  uart.o(i.UART_Init)
    UART_OutChar                             0x00002da5   Thumb Code    46  uart.o(i.UART_OutChar)
    UART_OutString                           0x00002dd9   Thumb Code    24  uart.o(i.UART_OutString)
    __ARM_fpclassify                         0x00002df1   Thumb Code    40  fpclassify.o(i.__ARM_fpclassify)
    __aeabi_errno_addr                       0x00002e19   Thumb Code     4  errno.o(i.__aeabi_errno_addr)
    __rt_errno_addr                          0x00002e19   Thumb Code     0  errno.o(i.__aeabi_errno_addr)
    __ieee754_rem_pio2                       0x00002e21   Thumb Code   832  rred.o(i.__ieee754_rem_pio2)
    __kernel_cos                             0x000031a9   Thumb Code   230  cos_i.o(i.__kernel_cos)
    __kernel_poly                            0x000032a5   Thumb Code   170  poly.o(i.__kernel_poly)
    __kernel_sin                             0x00003351   Thumb Code   224  sin_i.o(i.__kernel_sin)
    __mathlib_dbl_underflow                  0x0000343d   Thumb Code    10  dunder.o(i.__mathlib_dbl_underflow)
    __scatterload_copy                       0x0000344d   Thumb Code    14  handlers.o(i.__scatterload_copy)
    __scatterload_null                       0x0000345b   Thumb Code     2  handlers.o(i.__scatterload_null)
    __scatterload_zeroinit                   0x0000345d   Thumb Code    14  handlers.o(i.__scatterload_zeroinit)
    __set_errno                              0x0000346d   Thumb Code     6  errno.o(i.__set_errno)
    checkAlarm                               0x00003479   Thumb Code    18  speaker.o(i.checkAlarm)
    cos                                      0x00003715   Thumb Code   164  cos.o(i.cos)
    drawFace                                 0x000037dd   Thumb Code    20  lcd.o(i.drawFace)
    drawHands                                0x000037f5   Thumb Code   384  lcd.o(i.drawHands)
    eraseHands                               0x0000398d   Thumb Code   380  lcd.o(i.eraseHands)
    fillmessage                              0x00003b21   Thumb Code    64  st7735.o(i.fillmessage)
    getHours                                 0x00003b69   Thumb Code    94  timer.o(i.getHours)
    getMinutes                               0x00003bd1   Thumb Code    82  timer.o(i.getMinutes)
    getSeconds                               0x00003c29   Thumb Code    76  timer.o(i.getSeconds)
    main                                     0x00003c79   Thumb Code   192  blynk.o(i.main)
    outputTime                               0x00003d75   Thumb Code   142  timer.o(i.outputTime)
    outputTimer                              0x00003e03   Thumb Code    84  timer.o(i.outputTimer)
    sin                                      0x00003edd   Thumb Code   166  sin.o(i.sin)
    updateTime                               0x00003f8d   Thumb Code    26  timer.o(i.updateTime)
    smallCircle                              0x000045e2   Data          36  st7735.o(.constdata)
    circle                                   0x00004606   Data          60  st7735.o(.constdata)
    dBfs                                     0x00004642   Data         512  st7735.o(.constdata)
    clockFace                                0x00004842   Data       12800  lcd.o(.constdata)
    sine                                     0x00007a42   Data          64  systick.o(.constdata)
    __ctype_table                            0x00007ba8   Data         129  ctype_o.o(.constdata)
    Region$$Table$$Base                      0x00007c68   Number         0  anon$$obj.o(Region$$Table)
    Region$$Table$$Limit                     0x00007c88   Number         0  anon$$obj.o(Region$$Table)
    Pin_Number                               0x20000000   Data           2  blynk.o(.data)
    Pin_Integer                              0x20000002   Data           8  blynk.o(.data)
    Pin_Float                                0x2000000a   Data           8  blynk.o(.data)
    timeInactive                             0x20000014   Data           4  blynk.o(.data)
    time_sw                                  0x20000018   Data           4  blynk.o(.data)
    time_d                                   0x2000001c   Data           4  blynk.o(.data)
    sw_flag                                  0x20000020   Data           4  blynk.o(.data)
    reset_flag                               0x20000024   Data           4  blynk.o(.data)
    d_flag                                   0x20000028   Data           4  blynk.o(.data)
    isResetToFactory                         0x2000002c   Data           4  blynk.o(.data)
    default_phase                            0x20000030   Data           4  blynk.o(.data)
    phases                                   0x20000034   Data         448  blynk.o(.data)
    phase_num                                0x200001f4   Data           1  blynk.o(.data)
    LED                                      0x200001f8   Data           4  blynk.o(.data)
    LastF                                    0x200001fc   Data           4  blynk.o(.data)
    pin_num                                  0x20000200   Data           4  blynk.o(.data)
    pin_int                                  0x20000204   Data           4  blynk.o(.data)
    sec_sw                                   0x20000208   Data           2  blynk.o(.data)
    min_sw                                   0x2000020a   Data           2  blynk.o(.data)
    temp_t                                   0x2000020c   Data           4  blynk.o(.data)
    lastTimePressed                          0x20000210   Data           4  blynk.o(.data)
    ssid                                     0x20000214   Data          32  esp8266.o(.data)
    pass                                     0x20000234   Data          32  esp8266.o(.data)
    auth                                     0x20000254   Data          64  esp8266.o(.data)
    Rx5PutI                                  0x20000294   Data           4  esp8266.o(.data)
    Rx5PutJ                                  0x20000298   Data           4  esp8266.o(.data)
    Rx5GetI                                  0x2000029c   Data           4  esp8266.o(.data)
    Tx5PutI                                  0x200002a0   Data           4  esp8266.o(.data)
    Tx5GetI                                  0x200002a4   Data           4  esp8266.o(.data)
    StX                                      0x200002a8   Data           4  st7735.o(.data)
    StY                                      0x200002ac   Data           4  st7735.o(.data)
    StTextColor                              0x200002b0   Data           2  st7735.o(.data)
    lastj                                    0x200002b8   Data           4  st7735.o(.data)
    Messageindex                             0x200002c0   Data           4  st7735.o(.data)
    Ymax                                     0x200002c4   Data           4  st7735.o(.data)
    Ymin                                     0x200002c8   Data           4  st7735.o(.data)
    X                                        0x200002cc   Data           4  st7735.o(.data)
    Yrange                                   0x200002d0   Data           4  st7735.o(.data)
    PeriodicTask2                            0x200002d4   Data           4  timer2.o(.data)
    PeriodicTask3                            0x200002d8   Data           4  timer3.o(.data)
    RxPutI                                   0x200002dc   Data           4  uart.o(.data)
    RxGetI                                   0x200002e0   Data           4  uart.o(.data)
    TxPutI                                   0x200002e4   Data           4  uart.o(.data)
    TxGetI                                   0x200002e8   Data           4  uart.o(.data)
    secFlag                                  0x200002f0   Data           4  systick.o(.data)
    Index                                    0x200002f4   Data           1  systick.o(.data)
    time                                     0x200002f8   Data           4  timer.o(.data)
    sec                                      0x200002fc   Data           3  timer.o(.data)
    min                                      0x200002ff   Data           3  timer.o(.data)
    hour                                     0x20000302   Data           3  timer.o(.data)
    h                                        0x20000308   Data           4  timer.o(.data)
    m                                        0x2000030c   Data           4  timer.o(.data)
    s                                        0x20000310   Data           4  timer.o(.data)
    time_alarm                               0x20000314   Data           4  speaker.o(.data)
    alarm                                    0x20000318   Data           4  speaker.o(.data)
    inAlarm                                  0x2000031c   Data           4  speaker.o(.data)
    serial_buf                               0x20000328   Data          64  blynk.o(.bss)
    Rx5Fifo                                  0x20000368   Data         512  esp8266.o(.bss)
    RxMessage                                0x20000568   Data          64  esp8266.o(.bss)
    Message                                  0x200006a8   Data          12  st7735.o(.bss)
    __initial_sp                             0x20000b38   Data           0  startup.o(STACK)



==============================================================================

Memory Map of the image

  Image Entry point : 0x0000026d

  Load Region LR_1 (Base: 0x00000000, Size: 0x00007fb0, Max: 0xffffffff, ABSOLUTE, COMPRESSED[0x00007d38])

    Execution Region ER_RO (Base: 0x00000000, Size: 0x00007c88, Max: 0xffffffff, ABSOLUTE)

    Base Addr    Size         Type   Attr      Idx    E Section Name        Object

    0x00000000   0x00000284   Code   RO          737  * RESET               startup.o
    0x00000284   0x00000000   Code   RO          902  * .ARM.Collect$$$$00000000  mc_w.l(entry.o)
    0x00000284   0x00000004   Code   RO          939    .ARM.Collect$$$$00000001  mc_w.l(entry2.o)
    0x00000288   0x00000004   Code   RO          942    .ARM.Collect$$$$00000004  mc_w.l(entry5.o)
    0x0000028c   0x00000000   Code   RO          944    .ARM.Collect$$$$00000008  mc_w.l(entry7b.o)
    0x0000028c   0x00000000   Code   RO          946    .ARM.Collect$$$$0000000A  mc_w.l(entry8b.o)
    0x0000028c   0x00000008   Code   RO          947    .ARM.Collect$$$$0000000B  mc_w.l(entry9a.o)
    0x00000294   0x00000000   Code   RO          949    .ARM.Collect$$$$0000000D  mc_w.l(entry10a.o)
    0x00000294   0x00000000   Code   RO          951    .ARM.Collect$$$$0000000F  mc_w.l(entry11a.o)
    0x00000294   0x00000004   Code   RO          940    .ARM.Collect$$$$00002712  mc_w.l(entry2.o)
    0x00000298   0x0000001c   Code   RO          738    .text               startup.o
    0x000002b4   0x00000012   Code   RO          905    .text               mc_w.l(strcpy.o)
    0x000002c6   0x00000002   PAD
    0x000002c8   0x00000044   Code   RO          907    .text               mc_w.l(strtok.o)
    0x0000030c   0x0000001a   Code   RO          913    .text               mc_w.l(atoi.o)
    0x00000326   0x0000014e   Code   RO          915    .text               mf_w.l(dadd.o)
    0x00000474   0x000000e4   Code   RO          917    .text               mf_w.l(dmul.o)
    0x00000558   0x000000de   Code   RO          919    .text               mf_w.l(ddiv.o)
    0x00000636   0x00000022   Code   RO          921    .text               mf_w.l(dflti.o)
    0x00000658   0x0000003e   Code   RO          923    .text               mf_w.l(dfixi.o)
    0x00000696   0x0000001e   Code   RO          953    .text               mc_w.l(llshl.o)
    0x000006b4   0x00000020   Code   RO          955    .text               mc_w.l(llushr.o)
    0x000006d4   0x00000024   Code   RO          957    .text               mc_w.l(llsshr.o)
    0x000006f8   0x00000070   Code   RO          966    .text               mc_w.l(strtol.o)
    0x00000768   0x00000000   Code   RO          968    .text               mc_w.l(iusefp.o)
    0x00000768   0x000000be   Code   RO          969    .text               mf_w.l(depilogue.o)
    0x00000826   0x0000002e   Code   RO          971    .text               mf_w.l(dscalb.o)
    0x00000854   0x00000024   Code   RO          979    .text               mc_w.l(init.o)
    0x00000878   0x00000008   Code   RO          981    .text               mc_w.l(ctype_o.o)
    0x00000880   0x0000009e   Code   RO         1009    .text               mc_w.l(_strtoul.o)
    0x0000091e   0x0000001a   Code   RO         1011    .text               mf_w.l(dfltui.o)
    0x00000938   0x0000001c   Code   RO         1013    .text               mc_w.l(_chval.o)
    0x00000954   0x0000005c   Code   RO         1023    .text               mc_w.l(__dczerorl2.o)
    0x000009b0   0x00000110   Code   RO            1    i.Blynk_to_TM4C     blynk.o
    0x00000ac0   0x00000908   Code   RO            2    i.ButtonControl     blynk.o
    0x000013c8   0x00000074   Code   RO            3    i.CheckInactiveTime  blynk.o
    0x0000143c   0x00000020   Code   RO          269    i.Delay1ms          st7735.o
    0x0000145c   0x00000020   Code   RO          105    i.DelayMs           esp8266.o
    0x0000147c   0x00000050   Code   RO          107    i.ESP8266_GetMessage  esp8266.o
    0x000014cc   0x00000088   Code   RO          108    i.ESP8266_Init      esp8266.o
    0x00001554   0x00000034   Code   RO          109    i.ESP8266_OutChar   esp8266.o
    0x00001588   0x00000018   Code   RO          110    i.ESP8266_OutString  esp8266.o
    0x000015a0   0x0000002a   Code   RO          111    i.ESP8266_OutUDec   esp8266.o
    0x000015ca   0x00000002   PAD
    0x000015cc   0x0000002c   Code   RO          112    i.ESP8266_Reset     esp8266.o
    0x000015f8   0x00000148   Code   RO          113    i.ESP8266_SetupWiFi  esp8266.o
    0x00001740   0x0000000c   Code   RO          271    i.Output_Color      st7735.o
    0x0000174c   0x00000010   Code   RO          272    i.Output_Init       st7735.o
    0x0000175c   0x0000007c   Code   RO          233    i.PLL_Init          pll.o
    0x000017d8   0x0000058c   Code   RO            4    i.PhaseControl      blynk.o
    0x00001d64   0x0000006c   Code   RO            5    i.PortD_Init        blynk.o
    0x00001dd0   0x0000005c   Code   RO          245    i.PortF_Init        portf.o
    0x00001e2c   0x00000010   Code   RO          246    i.PortF_Input       portf.o
    0x00001e3c   0x0000000c   Code   RO          247    i.PortF_Output      portf.o
    0x00001e48   0x00000050   Code   RO            6    i.ResetToFactory    blynk.o
    0x00001e98   0x0000002c   Code   RO          114    i.Rx5Fifo_Init      esp8266.o
    0x00001ec4   0x000000d0   Code   RO          115    i.Rx5Fifo_Put       esp8266.o
    0x00001f94   0x00000014   Code   RO          116    i.Rx5Fifo_Size      esp8266.o
    0x00001fa8   0x00000024   Code   RO          602    i.RxFifo_Init       uart.o
    0x00001fcc   0x0000003c   Code   RO          603    i.RxFifo_Put        uart.o
    0x00002008   0x00000014   Code   RO          604    i.RxFifo_Size       uart.o
    0x0000201c   0x0000006c   Code   RO          745    i.ST7735_4Line      lcd.o
    0x00002088   0x00000124   Code   RO          276    i.ST7735_DrawBitmap  st7735.o
    0x000021ac   0x000000f4   Code   RO          278    i.ST7735_DrawCharS  st7735.o
    0x000022a0   0x00000080   Code   RO          281    i.ST7735_DrawFastVLine  st7735.o
    0x00002320   0x0000004c   Code   RO          282    i.ST7735_DrawPixel  st7735.o
    0x0000236c   0x00000056   Code   RO          284    i.ST7735_DrawString  st7735.o
    0x000023c2   0x00000002   PAD
    0x000023c4   0x000000b0   Code   RO          285    i.ST7735_FillRect   st7735.o
    0x00002474   0x00000024   Code   RO          286    i.ST7735_FillScreen  st7735.o
    0x00002498   0x0000007c   Code   RO          288    i.ST7735_InitR      st7735.o
    0x00002514   0x00000118   Code   RO          746    i.ST7735_Line       lcd.o
    0x0000262c   0x000000d8   Code   RO          290    i.ST7735_OutChar    st7735.o
    0x00002704   0x0000008c   Code   RO          292    i.ST7735_OutUDec    st7735.o
    0x00002790   0x00000020   Code   RO          301    i.ST7735_SetCursor  st7735.o
    0x000027b0   0x0000000c   Code   RO          303    i.ST7735_SetTextColor  st7735.o
    0x000027bc   0x00000060   Code   RO            7    i.SendInformation   blynk.o
    0x0000281c   0x00000078   Code   RO          791    i.SysTick_Handler   systick.o
    0x00002894   0x00000034   Code   RO          792    i.SysTick_Init      systick.o
    0x000028c8   0x0000003c   Code   RO            8    i.TM4C_to_Blynk     blynk.o
    0x00002904   0x00000018   Code   RO          559    i.Timer2A_Handler   timer2.o
    0x0000291c   0x00000060   Code   RO          560    i.Timer2_Init       timer2.o
    0x0000297c   0x00000018   Code   RO          580    i.Timer3A_Handler   timer3.o
    0x00002994   0x00000060   Code   RO          581    i.Timer3_Init       timer3.o
    0x000029f4   0x00000038   Code   RO          117    i.Tx5Fifo_Get       esp8266.o
    0x00002a2c   0x00000024   Code   RO          118    i.Tx5Fifo_Init      esp8266.o
    0x00002a50   0x0000003c   Code   RO          119    i.Tx5Fifo_Put       esp8266.o
    0x00002a8c   0x00000014   Code   RO          120    i.Tx5Fifo_Size      esp8266.o
    0x00002aa0   0x0000003c   Code   RO          605    i.TxFifo_Get        uart.o
    0x00002adc   0x00000024   Code   RO          606    i.TxFifo_Init       uart.o
    0x00002b00   0x0000003c   Code   RO          607    i.TxFifo_Put        uart.o
    0x00002b3c   0x00000014   Code   RO          608    i.TxFifo_Size       uart.o
    0x00002b50   0x00000058   Code   RO          609    i.UART0_Handler     uart.o
    0x00002ba8   0x00000058   Code   RO          121    i.UART5_Handler     esp8266.o
    0x00002c00   0x000000d8   Code   RO          122    i.UART5_Init        esp8266.o
    0x00002cd8   0x000000cc   Code   RO          615    i.UART_Init         uart.o
    0x00002da4   0x00000034   Code   RO          616    i.UART_OutChar      uart.o
    0x00002dd8   0x00000018   Code   RO          617    i.UART_OutString    uart.o
    0x00002df0   0x00000028   Code   RO          975    i.__ARM_fpclassify  m_ws.l(fpclassify.o)
    0x00002e18   0x00000008   Code   RO          959    i.__aeabi_errno_addr  mc_w.l(errno.o)
    0x00002e20   0x00000388   Code   RO          928    i.__ieee754_rem_pio2  m_ws.l(rred.o)
    0x000031a8   0x000000fc   Code   RO          925    i.__kernel_cos      m_ws.l(cos_i.o)
    0x000032a4   0x000000aa   Code   RO          977    i.__kernel_poly     m_ws.l(poly.o)
    0x0000334e   0x00000002   PAD
    0x00003350   0x000000ec   Code   RO          933    i.__kernel_sin      m_ws.l(sin_i.o)
    0x0000343c   0x00000010   Code   RO          973    i.__mathlib_dbl_underflow  m_ws.l(dunder.o)
    0x0000344c   0x0000000e   Code   RO         1017    i.__scatterload_copy  mc_w.l(handlers.o)
    0x0000345a   0x00000002   Code   RO         1018    i.__scatterload_null  mc_w.l(handlers.o)
    0x0000345c   0x0000000e   Code   RO         1019    i.__scatterload_zeroinit  mc_w.l(handlers.o)
    0x0000346a   0x00000002   PAD
    0x0000346c   0x0000000c   Code   RO          961    i.__set_errno       mc_w.l(errno.o)
    0x00003478   0x00000018   Code   RO          871    i.checkAlarm        speaker.o
    0x00003490   0x00000056   Code   RO          305    i.commandList       st7735.o
    0x000034e6   0x00000002   PAD
    0x000034e8   0x00000184   Code   RO          306    i.commonInit        st7735.o
    0x0000366c   0x00000028   Code   RO          620    i.copyHardwareToSoftware  uart.o
    0x00003694   0x00000028   Code   RO          123    i.copyHardwareToSoftware5  esp8266.o
    0x000036bc   0x0000002c   Code   RO          621    i.copySoftwareToHardware  uart.o
    0x000036e8   0x0000002c   Code   RO          124    i.copySoftwareToHardware5  esp8266.o
    0x00003714   0x000000ac   Code   RO          887    i.cos               m_ws.l(cos.o)
    0x000037c0   0x0000001c   Code   RO          307    i.deselect          st7735.o
    0x000037dc   0x00000018   Code   RO          747    i.drawFace          lcd.o
    0x000037f4   0x00000198   Code   RO          748    i.drawHands         lcd.o
    0x0000398c   0x00000194   Code   RO          749    i.eraseHands        lcd.o
    0x00003b20   0x00000048   Code   RO          310    i.fillmessage       st7735.o
    0x00003b68   0x00000068   Code   RO          826    i.getHours          timer.o
    0x00003bd0   0x00000058   Code   RO          827    i.getMinutes        timer.o
    0x00003c28   0x00000050   Code   RO          828    i.getSeconds        timer.o
    0x00003c78   0x000000fc   Code   RO            9    i.main              blynk.o
    0x00003d74   0x0000008e   Code   RO          829    i.outputTime        timer.o
    0x00003e02   0x00000054   Code   RO          830    i.outputTimer       timer.o
    0x00003e56   0x00000012   Code   RO          312    i.pushColor         st7735.o
    0x00003e68   0x00000074   Code   RO          313    i.setAddrWindow     st7735.o
    0x00003edc   0x000000b0   Code   RO          895    i.sin               m_ws.l(sin.o)
    0x00003f8c   0x0000001a   Code   RO          831    i.updateTime        timer.o
    0x00003fa6   0x00000002   PAD
    0x00003fa8   0x00000038   Code   RO          314    i.writecommand      st7735.o
    0x00003fe0   0x00000020   Code   RO          315    i.writedata         st7735.o
    0x00004000   0x00000842   Data   RO          317    .constdata          st7735.o
    0x00004842   0x00003200   Data   RO          750    .constdata          lcd.o
    0x00007a42   0x00000040   Data   RO          795    .constdata          systick.o
    0x00007a82   0x00000006   PAD
    0x00007a88   0x00000030   Data   RO          926    .constdata          m_ws.l(cos_i.o)
    0x00007ab8   0x000000c8   Data   RO          930    .constdata          m_ws.l(rred.o)
    0x00007b80   0x00000028   Data   RO          934    .constdata          m_ws.l(sin_i.o)
    0x00007ba8   0x00000081   Data   RO          982    .constdata          mc_w.l(ctype_o.o)
    0x00007c29   0x00000003   PAD
    0x00007c2c   0x00000004   Data   RO          983    .constdata          mc_w.l(ctype_o.o)
    0x00007c30   0x00000036   Data   RO           11    .conststring        blynk.o
    0x00007c66   0x00000002   PAD
    0x00007c68   0x00000020   Data   RO         1015    Region$$Table       anon$$obj.o


    Execution Region ER_RW (Base: 0x20000000, Size: 0x00000328, Max: 0xffffffff, ABSOLUTE, COMPRESSED[0x000000b0])

    Base Addr    Size         Type   Attr      Idx    E Section Name        Object

    0x20000000   0x00000214   Data   RW           12    .data               blynk.o
    0x20000214   0x00000094   Data   RW          126    .data               esp8266.o
    0x200002a8   0x0000002c   Data   RW          318    .data               st7735.o
    0x200002d4   0x00000004   Data   RW          561    .data               timer2.o
    0x200002d8   0x00000004   Data   RW          582    .data               timer3.o
    0x200002dc   0x00000010   Data   RW          623    .data               uart.o
    0x200002ec   0x00000009   Data   RW          796    .data               systick.o
    0x200002f5   0x00000003   PAD
    0x200002f8   0x0000001c   Data   RW          832    .data               timer.o
    0x20000314   0x0000000c   Data   RW          872    .data               speaker.o
    0x20000320   0x00000004   Data   RW          908    .data               mc_w.l(strtok.o)
    0x20000324   0x00000004   Data   RW          962    .data               mc_w.l(errno.o)


    Execution Region ER_ZI (Base: 0x20000328, Size: 0x00000810, Max: 0xffffffff, ABSOLUTE)

    Base Addr    Size         Type   Attr      Idx    E Section Name        Object

    0x20000328   0x00000040   Zero   RW           10    .bss                blynk.o
    0x20000368   0x00000340   Zero   RW          125    .bss                esp8266.o
    0x200006a8   0x0000000c   Zero   RW          316    .bss                st7735.o
    0x200006b4   0x00000080   Zero   RW          622    .bss                uart.o
    0x20000734   0x00000004   PAD
    0x20000738   0x00000400   Zero   RW          735    STACK               startup.o


==============================================================================

Image component sizes


      Code (inc. data)   RO Data    RW Data    ZI Data      Debug   Object Name

      4716        418         54        532         64      12872   blynk.o
      1570        302          0        148        832      10100   esp8266.o
      1224         52      12800          0          0       3565   lcd.o
       124          6          0          0          0        415   pll.o
       120         30          0          0          0       1438   portf.o
        24          6          0         12          0        640   speaker.o
      2418        250       2114         44         12      15323   st7735.o
       672        622          0          0       1024        892   startup.o
       172         40         64          9          0       1542   systick.o
       524         20          0         28          0       3687   timer.o
       120         28          0          4          0       1272   timer2.o
       120         30          0          4          0       1272   timer3.o
       744        120          0         16        128       6573   uart.o

    ----------------------------------------------------------------------
     12556       1924      15072        800       2064      59591   Object Totals
         0          0         32          0          0          0   (incl. Generated)
         8          0          8          3          4          0   (incl. Padding)

    ----------------------------------------------------------------------

      Code (inc. data)   RO Data    RW Data    ZI Data      Debug   Library Member Name

       172          8          0          0          0        112   cos.o
       252         22         48          0          0        124   cos_i.o
        16          6          0          0          0         68   dunder.o
        40          0          0          0          0         68   fpclassify.o
       170          0          0          0          0         96   poly.o
       904         72        200          0          0        140   rred.o
       176         10          0          0          0        116   sin.o
       236         12         40          0          0        128   sin_i.o
        92          0          0          0          0          0   __dczerorl2.o
        28          0          0          0          0         68   _chval.o
       158          0          0          0          0         92   _strtoul.o
        26          0          0          0          0         80   atoi.o
         8          4        133          0          0         68   ctype_o.o
         0          0          0          0          0          0   entry.o
         0          0          0          0          0          0   entry10a.o
         0          0          0          0          0          0   entry11a.o
         8          4          0          0          0          0   entry2.o
         4          0          0          0          0          0   entry5.o
         0          0          0          0          0          0   entry7b.o
         0          0          0          0          0          0   entry8b.o
         8          4          0          0          0          0   entry9a.o
        20         10          0          4          0        136   errno.o
        30          0          0          0          0          0   handlers.o
        36          8          0          0          0         68   init.o
         0          0          0          0          0          0   iusefp.o
        30          0          0          0          0         68   llshl.o
        36          0          0          0          0         68   llsshr.o
        32          0          0          0          0         68   llushr.o
        18          0          0          0          0         68   strcpy.o
        68          6          0          4          0         80   strtok.o
       112          0          0          0          0         88   strtol.o
       334          0          0          0          0        148   dadd.o
       222          0          0          0          0        100   ddiv.o
       190          0          0          0          0        176   depilogue.o
        62          0          0          0          0         80   dfixi.o
        34          0          0          0          0         76   dflti.o
        26          0          0          0          0         76   dfltui.o
       228          0          0          0          0         96   dmul.o
        46          0          0          0          0         80   dscalb.o

    ----------------------------------------------------------------------
      3828        166        424          8          0       2636   Library Totals
         6          0          3          0          0          0   (incl. Padding)

    ----------------------------------------------------------------------

      Code (inc. data)   RO Data    RW Data    ZI Data      Debug   Library Name

      1966        130        288          0          0        852   m_ws.l
       714         36        133          8          0        952   mc_w.l
      1142          0          0          0          0        832   mf_w.l

    ----------------------------------------------------------------------
      3828        166        424          8          0       2636   Library Totals

    ----------------------------------------------------------------------

==============================================================================


      Code (inc. data)   RO Data    RW Data    ZI Data      Debug   

     16384       2090      15496        808       2064      56663   Grand Totals
     16384       2090      15496        176       2064      56663   ELF Image Totals (compressed)
     16384       2090      15496        176          0          0   ROM Totals

==============================================================================

    Total RO  Size (Code + RO Data)                31880 (  31.13kB)
    Total RW  Size (RW Data + ZI Data)              2872 (   2.80kB)
    Total ROM Size (Code + RO Data + RW Data)      32056 (  31.30kB)

==============================================================================

